Archive member included to satisfy reference by file (symbol)

C:\Users\iwheard\AppData\Local\arduino\sketches\F7235C10B846DC2223C85B11C54316BE/..\..\cores\arduino_samd_nano_33_iot_b7ac00331b7676b70ae03e640afd2ffd\core.a(SERCOM.cpp.o)
                              C:\Users\iwheard\AppData\Local\arduino\sketches\F7235C10B846DC2223C85B11C54316BE\core\variant.cpp.o (SERCOM::SERCOM(Sercom*))
C:\Users\iwheard\AppData\Local\arduino\sketches\F7235C10B846DC2223C85B11C54316BE/..\..\cores\arduino_samd_nano_33_iot_b7ac00331b7676b70ae03e640afd2ffd\core.a(CDC.cpp.o)
                              C:\Users\iwheard\AppData\Local\arduino\sketches\F7235C10B846DC2223C85B11C54316BE\sketch\practable-portal-iot-FW.ino.cpp.o (Serial_::begin(unsigned long))
C:\Users\iwheard\AppData\Local\arduino\sketches\F7235C10B846DC2223C85B11C54316BE/..\..\cores\arduino_samd_nano_33_iot_b7ac00331b7676b70ae03e640afd2ffd\core.a(USBCore.cpp.o)
                              C:\Users\iwheard\AppData\Local\arduino\sketches\F7235C10B846DC2223C85B11C54316BE/..\..\cores\arduino_samd_nano_33_iot_b7ac00331b7676b70ae03e640afd2ffd\core.a(CDC.cpp.o) (usbd)
C:\Users\iwheard\AppData\Local\arduino\sketches\F7235C10B846DC2223C85B11C54316BE/..\..\cores\arduino_samd_nano_33_iot_b7ac00331b7676b70ae03e640afd2ffd\core.a(Uart.cpp.o)
                              C:\Users\iwheard\AppData\Local\arduino\sketches\F7235C10B846DC2223C85B11C54316BE\sketch\practable-portal-iot-FW.ino.cpp.o (Uart::begin(unsigned long))
C:\Users\iwheard\AppData\Local\arduino\sketches\F7235C10B846DC2223C85B11C54316BE/..\..\cores\arduino_samd_nano_33_iot_b7ac00331b7676b70ae03e640afd2ffd\core.a(abi.cpp.o)
                              C:\Users\iwheard\AppData\Local\arduino\sketches\F7235C10B846DC2223C85B11C54316BE\libraries\Adafruit_GFX_Library\Adafruit_GFX.cpp.o (__cxa_pure_virtual)
C:\Users\iwheard\AppData\Local\arduino\sketches\F7235C10B846DC2223C85B11C54316BE/..\..\cores\arduino_samd_nano_33_iot_b7ac00331b7676b70ae03e640afd2ffd\core.a(PluggableUSB.cpp.o)
                              C:\Users\iwheard\AppData\Local\arduino\sketches\F7235C10B846DC2223C85B11C54316BE/..\..\cores\arduino_samd_nano_33_iot_b7ac00331b7676b70ae03e640afd2ffd\core.a(USBCore.cpp.o) (arduino::PluggableUSB_::getInterface(unsigned char*))
C:\Users\iwheard\AppData\Local\arduino\sketches\F7235C10B846DC2223C85B11C54316BE/..\..\cores\arduino_samd_nano_33_iot_b7ac00331b7676b70ae03e640afd2ffd\core.a(Print.cpp.o)
                              C:\Users\iwheard\AppData\Local\arduino\sketches\F7235C10B846DC2223C85B11C54316BE\libraries\Adafruit_GFX_Library\Adafruit_GFX.cpp.o (arduino::Print::write(unsigned char const*, unsigned int))
C:\Users\iwheard\AppData\Local\arduino\sketches\F7235C10B846DC2223C85B11C54316BE/..\..\cores\arduino_samd_nano_33_iot_b7ac00331b7676b70ae03e640afd2ffd\core.a(Stream.cpp.o)
                              C:\Users\iwheard\AppData\Local\arduino\sketches\F7235C10B846DC2223C85B11C54316BE\sketch\practable-portal-iot-FW.ino.cpp.o (arduino::Stream::setTimeout(unsigned long))
C:\Users\iwheard\AppData\Local\arduino\sketches\F7235C10B846DC2223C85B11C54316BE/..\..\cores\arduino_samd_nano_33_iot_b7ac00331b7676b70ae03e640afd2ffd\core.a(String.cpp.o)
                              C:\Users\iwheard\AppData\Local\arduino\sketches\F7235C10B846DC2223C85B11C54316BE/..\..\cores\arduino_samd_nano_33_iot_b7ac00331b7676b70ae03e640afd2ffd\core.a(Stream.cpp.o) (arduino::String::String(char const*))
C:\Users\iwheard\AppData\Local\arduino\sketches\F7235C10B846DC2223C85B11C54316BE/..\..\cores\arduino_samd_nano_33_iot_b7ac00331b7676b70ae03e640afd2ffd\core.a(dtostrf.c.o)
                              C:\Users\iwheard\AppData\Local\arduino\sketches\F7235C10B846DC2223C85B11C54316BE\sketch\practable-portal-iot-FW.ino.cpp.o (dtostrf)
C:\Users\iwheard\AppData\Local\arduino\sketches\F7235C10B846DC2223C85B11C54316BE/..\..\cores\arduino_samd_nano_33_iot_b7ac00331b7676b70ae03e640afd2ffd\core.a(cortex_handlers.c.o)
                              (Reset_Handler)
C:\Users\iwheard\AppData\Local\arduino\sketches\F7235C10B846DC2223C85B11C54316BE/..\..\cores\arduino_samd_nano_33_iot_b7ac00331b7676b70ae03e640afd2ffd\core.a(delay.c.o)
                              C:\Users\iwheard\AppData\Local\arduino\sketches\F7235C10B846DC2223C85B11C54316BE\sketch\practable-portal-iot-FW.ino.cpp.o (millis)
C:\Users\iwheard\AppData\Local\arduino\sketches\F7235C10B846DC2223C85B11C54316BE/..\..\cores\arduino_samd_nano_33_iot_b7ac00331b7676b70ae03e640afd2ffd\core.a(hooks.c.o)
                              C:\Users\iwheard\AppData\Local\arduino\sketches\F7235C10B846DC2223C85B11C54316BE/..\..\cores\arduino_samd_nano_33_iot_b7ac00331b7676b70ae03e640afd2ffd\core.a(delay.c.o) (yield)
C:\Users\iwheard\AppData\Local\arduino\sketches\F7235C10B846DC2223C85B11C54316BE/..\..\cores\arduino_samd_nano_33_iot_b7ac00331b7676b70ae03e640afd2ffd\core.a(itoa.c.o)
[...]
Memory Configuration

Name             Origin             Length             Attributes
FLASH            0x00002000         0x0003e000         xr
RAM              0x20000000         0x00008000         xrw
*default*        0x00000000         0xffffffff

Linker script and memory map

LOAD c:/programdata/arduino15/packages/arduino/tools/arm-none-eabi-gcc/7-2017q4/bin/../lib/gcc/arm-none-eabi/7.2.1/thumb/v6-m/crti.o
LOAD c:/programdata/arduino15/packages/arduino/tools/arm-none-eabi-gcc/7-2017q4/bin/../lib/gcc/arm-none-eabi/7.2.1/thumb/v6-m/crtbegin.o
LOAD c:/programdata/arduino15/packages/arduino/tools/arm-none-eabi-gcc/7-2017q4/bin/../lib/gcc/arm-none-eabi/7.2.1/../../../../arm-none-eabi/lib/thumb/v6-m/crt0.o
LOAD C:\Users\iwheard\AppData\Local\arduino\sketches\F7235C10B846DC2223C85B11C54316BE\sketch\practable-portal-iot-FW.ino.cpp.o
LOAD C:\Users\iwheard\AppData\Local\arduino\sketches\F7235C10B846DC2223C85B11C54316BE\libraries\SPI\SPI.cpp.o
LOAD C:\Users\iwheard\AppData\Local\arduino\sketches\F7235C10B846DC2223C85B11C54316BE\libraries\Wire\Wire.cpp.o
LOAD C:\Users\iwheard\AppData\Local\arduino\sketches\F7235C10B846DC2223C85B11C54316BE\libraries\Adafruit_GFX_Library\Adafruit_GFX.cpp.o
LOAD C:\Users\iwheard\AppData\Local\arduino\sketches\F7235C10B846DC2223C85B11C54316BE\libraries\Adafruit_GFX_Library\Adafruit_GrayOLED.cpp.o
LOAD C:\Users\iwheard\AppData\Local\arduino\sketches\F7235C10B846DC2223C85B11C54316BE\libraries\Adafruit_GFX_Library\Adafruit_SPITFT.cpp.o
LOAD C:\Users\iwheard\AppData\Local\arduino\sketches\F7235C10B846DC2223C85B11C54316BE\libraries\Adafruit_GFX_Library\glcdfont.c.o
LOAD C:\Users\iwheard\AppData\Local\arduino\sketches\F7235C10B846DC2223C85B11C54316BE\libraries\Adafruit_BusIO\Adafruit_BusIO_Register.cpp.o
LOAD C:\Users\iwheard\AppData\Local\arduino\sketches\F7235C10B846DC2223C85B11C54316BE\libraries\Adafruit_BusIO\Adafruit_I2CDevice.cpp.o
LOAD C:\Users\iwheard\AppData\Local\arduino\sketches\F7235C10B846DC2223C85B11C54316BE\libraries\Adafruit_BusIO\Adafruit_SPIDevice.cpp.o
LOAD C:\Users\iwheard\AppData\Local\arduino\sketches\F7235C10B846DC2223C85B11C54316BE\libraries\Adafruit_SSD1306\Adafruit_SSD1306.cpp.o
LOAD C:\Users\iwheard\AppData\Local\arduino\sketches\F7235C10B846DC2223C85B11C54316BE\libraries\buttonObject_Library\buttonObject.cpp.o
LOAD C:\Users\iwheard\AppData\Local\arduino\sketches\F7235C10B846DC2223C85B11C54316BE\libraries\autoDelay_Library\autoDelay.cpp.o
LOAD C:\Users\iwheard\AppData\Local\arduino\sketches\F7235C10B846DC2223C85B11C54316BE\core\variant.cpp.o
START GROUP
LOAD C:\ProgramData\Arduino15\packages\arduino\tools\CMSIS\4.5.0/CMSIS/Lib/GCC/\libarm_cortexM0l_math.a
LOAD C:\Users\iwheard\AppData\Local\arduino\sketches\F7235C10B846DC2223C85B11C54316BE/..\..\cores\arduino_samd_nano_33_iot_b7ac00331b7676b70ae03e640afd2ffd\core.a
END GROUP
LOAD c:/programdata/arduino15/packages/arduino/tools/arm-none-eabi-gcc/7-2017q4/bin/../lib/gcc/arm-none-eabi/7.2.1/../../../../arm-none-eabi/lib/thumb/v6-m\libstdc++_nano.a
LOAD c:/programdata/arduino15/packages/arduino/tools/arm-none-eabi-gcc/7-2017q4/bin/../lib/gcc/arm-none-eabi/7.2.1/../../../../arm-none-eabi/lib/thumb/v6-m\libm.a
START GROUP
LOAD c:/programdata/arduino15/packages/arduino/tools/arm-none-eabi-gcc/7-2017q4/bin/../lib/gcc/arm-none-eabi/7.2.1/thumb/v6-m\libgcc.a
LOAD c:/programdata/arduino15/packages/arduino/tools/arm-none-eabi-gcc/7-2017q4/bin/../lib/gcc/arm-none-eabi/7.2.1/../../../../arm-none-eabi/lib/thumb/v6-m\libc_nano.a
END GROUP
START GROUP
LOAD c:/programdata/arduino15/packages/arduino/tools/arm-none-eabi-gcc/7-2017q4/bin/../lib/gcc/arm-none-eabi/7.2.1/thumb/v6-m\libgcc.a
LOAD c:/programdata/arduino15/packages/arduino/tools/arm-none-eabi-gcc/7-2017q4/bin/../lib/gcc/arm-none-eabi/7.2.1/../../../../arm-none-eabi/lib/thumb/v6-m\libc_nano.a
LOAD c:/programdata/arduino15/packages/arduino/tools/arm-none-eabi-gcc/7-2017q4/bin/../lib/gcc/arm-none-eabi/7.2.1/../../../../arm-none-eabi/lib/thumb/v6-m\libnosys.a
END GROUP
START GROUP
LOAD c:/programdata/arduino15/packages/arduino/tools/arm-none-eabi-gcc/7-2017q4/bin/../lib/gcc/arm-none-eabi/7.2.1/thumb/v6-m\libgcc.a
LOAD c:/programdata/arduino15/packages/arduino/tools/arm-none-eabi-gcc/7-2017q4/bin/../lib/gcc/arm-none-eabi/7.2.1/../../../../arm-none-eabi/lib/thumb/v6-m\libc_nano.a
LOAD c:/programdata/arduino15/packages/arduino/tools/arm-none-eabi-gcc/7-2017q4/bin/../lib/gcc/arm-none-eabi/7.2.1/../../../../arm-none-eabi/lib/thumb/v6-m\libnosys.a
END GROUP
LOAD c:/programdata/arduino15/packages/arduino/tools/arm-none-eabi-gcc/7-2017q4/bin/../lib/gcc/arm-none-eabi/7.2.1/thumb/v6-m/crtend.o
LOAD c:/programdata/arduino15/packages/arduino/tools/arm-none-eabi-gcc/7-2017q4/bin/../lib/gcc/arm-none-eabi/7.2.1/thumb/v6-m/crtn.o

.text           0x00002000     0xc2fc
                0x00002000                __text_start__ = .
 *(.sketch_boot)
                0x00002000                . = ALIGN (0x2000)
 *(.isr_vector)
 .isr_vector    0x00002000       0xb4 C:\Users\iwheard\AppData\Local\arduino\sketches\F7235C10B846DC2223C85B11C54316BE/..\..\cores\arduino_samd_nano_33_iot_b7ac00331b7676b70ae03e640afd2ffd\core.a(cortex_handlers.c.o)
                0x00002000                exception_table
 *(.text*)
 .text          0x000020b4       0x48 c:/programdata/arduino15/packages/arduino/tools/arm-none-eabi-gcc/7-2017q4/bin/../lib/gcc/arm-none-eabi/7.2.1/thumb/v6-m/crtbegin.o
 .text._ZNK11ArduinoJson8V6215PB26detail14CollectionData7getSlotINS1_19StaticStringAdapterEEEPNS1_11VariantSlotET_.isra.24
                0x000020fc       0x4a C:\Users\iwheard\AppData\Local\arduino\sketches\F7235C10B846DC2223C85B11C54316BE\sketch\practable-portal-iot-FW.ino.cpp.o
 .text._ZN11ArduinoJson8V6215PB26detail14CollectionData7addSlotEPNS1_10MemoryPoolE
                0x00002146       0x38 C:\Users\iwheard\AppData\Local\arduino\sketches\F7235C10B846DC2223C85B11C54316BE\sketch\practable-portal-iot-FW.ino.cpp.o
                0x00002146                ArduinoJson::V6215PB2::detail::CollectionData::addSlot(ArduinoJson::V6215PB2::detail::MemoryPool*)
 *fill*         0x0000217e        0x2 
 .text._ZN11ArduinoJson8V6215PB26detail11parseNumberEPKcRNS1_11VariantDataE
                0x00002180      0x248 C:\Users\iwheard\AppData\Local\arduino\sketches\F7235C10B846DC2223C85B11C54316BE\sketch\practable-portal-iot-FW.ino.cpp.o
                0x00002180                ArduinoJson::V6215PB2::detail::parseNumber(char const*, ArduinoJson::V6215PB2::detail::VariantData&)
 .text._Z10oled_beginv
                0x000023c8       0x48 C:\Users\iwheard\AppData\Local\arduino\sketches\F7235C10B846DC2223C85B11C54316BE\sketch\practable-portal-iot-FW.ino.cpp.o
                0x000023c8                oled_begin()
 .text._Z18power_stats_screenv
                0x00002410      0x154 C:\Users\iwheard\AppData\Local\arduino\sketches\F7235C10B846DC2223C85B11C54316BE\sketch\practable-portal-iot-FW.ino.cpp.o
                0x00002410                power_stats_screen()
 .text._Z18rpi_network_screenv
                0x00002564       0x98 C:\Users\iwheard\AppData\Local\arduino\sketches\F7235C10B846DC2223C85B11C54316BE\sketch\practable-portal-iot-FW.ino.cpp.o
                0x00002564                rpi_network_screen()
 .text._Z16rpi_stats_screenv
                0x000025fc       0xc0 C:\Users\iwheard\AppData\Local\arduino\sketches\F7235C10B846DC2223C85B11C54316BE\sketch\practable-portal-iot-FW.ino.cpp.o
                0x000025fc                rpi_stats_screen()
 .text._Z14run_screen_num13screenState_t
                0x000026bc       0x38 C:\Users\iwheard\AppData\Local\arduino\sketches\F7235C10B846DC2223C85B11C54316BE\sketch\practable-portal-iot-FW.ino.cpp.o
                0x000026bc                run_screen_num(screenState_t)
 .text._Z12screen_timer13screenState_t
                0x000026f4       0x84 C:\Users\iwheard\AppData\Local\arduino\sketches\F7235C10B846DC2223C85B11C54316BE\sketch\practable-portal-iot-FW.ino.cpp.o
                0x000026f4                screen_timer(screenState_t)
 .text._Z17sbc_state_machinev
                0x00002778       0xa8 C:\Users\iwheard\AppData\Local\arduino\sketches\F7235C10B846DC2223C85B11C54316BE\sketch\practable-portal-iot-FW.ino.cpp.o
                0x00002778                sbc_state_machine()
 .text._Z17exp_state_machinev
                0x00002820       0x70 C:\Users\iwheard\AppData\Local\arduino\sketches\F7235C10B846DC2223C85B11C54316BE\sketch\practable-portal-iot-FW.ino.cpp.o
                0x00002820                exp_state_machine()
 .text._Z12sample_powerv
                0x00002890       0x54 C:\Users\iwheard\AppData\Local\arduino\sketches\F7235C10B846DC2223C85B11C54316BE\sketch\practable-portal-iot-FW.ino.cpp.o
                0x00002890                sample_power()
 .text._Z14return_averagePsh
                0x000028e4       0x34 C:\Users\iwheard\AppData\Local\arduino\sketches\F7235C10B846DC2223C85B11C54316BE\sketch\practable-portal-iot-FW.ino.cpp.o
                0x000028e4                return_average(short*, unsigned char)
 .text._Z15calculate_powerv
                0x00002918      0x168 C:\Users\iwheard\AppData\Local\arduino\sketches\F7235C10B846DC2223C85B11C54316BE\sketch\practable-portal-iot-FW.ino.cpp.o
                0x00002918                calculate_power()
 .text._Z20print_trigger_statusv
                0x00002a80       0x50 C:\Users\iwheard\AppData\Local\arduino\sketches\F7235C10B846DC2223C85B11C54316BE\sketch\practable-portal-iot-FW.ino.cpp.o
                0x00002a80                print_trigger_status()
 .text._Z18print_serial_statsv
                0x00002ad0       0x3c C:\Users\iwheard\AppData\Local\arduino\sketches\F7235C10B846DC2223C85B11C54316BE\sketch\practable-portal-iot-FW.ino.cpp.o
                0x00002ad0                print_serial_stats()
 .text._Z11unstick_busv
                0x00002b0c       0x34 C:\Users\iwheard\AppData\Local\arduino\sketches\F7235C10B846DC2223C85B11C54316BE\sketch\practable-portal-iot-FW.ino.cpp.o
                0x00002b0c                unstick_bus()
 .text._ZNK11ArduinoJson8V6215PB26detail11VariantData9getMemberINS1_19StaticStringAdapterEEEPS2_T_
                0x00002b40       0x16 C:\Users\iwheard\AppData\Local\arduino\sketches\F7235C10B846DC2223C85B11C54316BE\sketch\practable-portal-iot-FW.ino.cpp.o
                0x00002b40                ArduinoJson::V6215PB2::detail::VariantData* ArduinoJson::V6215PB2::detail::VariantData::getMember<ArduinoJson::V6215PB2::detail::StaticStringAdapter>(ArduinoJson::V6215PB2::detail::StaticStringAdapter) const
 *fill*         0x00002b56        0x2 
 .text._Z18json_to_const_charRN11ArduinoJson8V6215PB218StaticJsonDocumentILj200EEEPKcPchS5_
                0x00002b58       0x58 C:\Users\iwheard\AppData\Local\arduino\sketches\F7235C10B846DC2223C85B11C54316BE\sketch\practable-portal-iot-FW.ino.cpp.o
                0x00002b58                json_to_const_char(ArduinoJson::V6215PB2::StaticJsonDocument<200u>&, char const*, char*, unsigned char, char const*)
 .text._ZN11ArduinoJson8V6215PB26detail16JsonDeserializerINS1_6ReaderIPcvEENS1_11StringMoverEE7currentEv
                0x00002bb0       0x18 C:\Users\iwheard\AppData\Local\arduino\sketches\F7235C10B846DC2223C85B11C54316BE\sketch\practable-portal-iot-FW.ino.cpp.o
                0x00002bb0                ArduinoJson::V6215PB2::detail::JsonDeserializer<ArduinoJson::V6215PB2::detail::Reader<char*, void>, ArduinoJson::V6215PB2::detail::StringMover>::current()
 .text._ZN11ArduinoJson8V6215PB26detail16JsonDeserializerINS1_6ReaderIPcvEENS1_11StringMoverEE21skipSpacesAndCommentsEv
                0x00002bc8       0x36 C:\Users\iwheard\AppData\Local\arduino\sketches\F7235C10B846DC2223C85B11C54316BE\sketch\practable-portal-iot-FW.ino.cpp.o
                0x00002bc8                ArduinoJson::V6215PB2::detail::JsonDeserializer<ArduinoJson::V6215PB2::detail::Reader<char*, void>, ArduinoJson::V6215PB2::detail::StringMover>::skipSpacesAndComments()
 .text._ZN11ArduinoJson8V6215PB26detail16JsonDeserializerINS1_6ReaderIPcvEENS1_11StringMoverEE11skipKeywordEPKc
                0x00002bfe       0x2c C:\Users\iwheard\AppData\Local\arduino\sketches\F7235C10B846DC2223C85B11C54316BE\sketch\practable-portal-iot-FW.ino.cpp.o
                0x00002bfe                ArduinoJson::V6215PB2::detail::JsonDeserializer<ArduinoJson::V6215PB2::detail::Reader<char*, void>, ArduinoJson::V6215PB2::detail::StringMover>::skipKeyword(char const*)
 .text._ZN11ArduinoJson8V6215PB26detail16JsonDeserializerINS1_6ReaderIPcvEENS1_11StringMoverEE3eatEc
                0x00002c2a       0x18 C:\Users\iwheard\AppData\Local\arduino\sketches\F7235C10B846DC2223C85B11C54316BE\sketch\practable-portal-iot-FW.ino.cpp.o
                0x00002c2a                ArduinoJson::V6215PB2::detail::JsonDeserializer<ArduinoJson::V6215PB2::detail::Reader<char*, void>, ArduinoJson::V6215PB2::detail::StringMover>::eat(char)
 .text._ZN11ArduinoJson8V6215PB26detail4Utf815encodeCodepointINS1_11StringMoverEEEvmRT_
                0x00002c42       0x80 C:\Users\iwheard\AppData\Local\arduino\sketches\F7235C10B846DC2223C85B11C54316BE\sketch\practable-portal-iot-FW.ino.cpp.o
                0x00002c42                void ArduinoJson::V6215PB2::detail::Utf8::encodeCodepoint<ArduinoJson::V6215PB2::detail::StringMover>(unsigned long, ArduinoJson::V6215PB2::detail::StringMover&)
 *fill*         0x00002cc2        0x2 
 .text._ZN11ArduinoJson8V6215PB26detail16JsonDeserializerINS1_6ReaderIPcvEENS1_11StringMoverEE17parseQuotedStringEv
                0x00002cc4       0xd8 C:\Users\iwheard\AppData\Local\arduino\sketches\F7235C10B846DC2223C85B11C54316BE\sketch\practable-portal-iot-FW.ino.cpp.o
                0x00002cc4                ArduinoJson::V6215PB2::detail::JsonDeserializer<ArduinoJson::V6215PB2::detail::Reader<char*, void>, ArduinoJson::V6215PB2::detail::StringMover>::parseQuotedString()
 .text._ZN11ArduinoJson8V6215PB26detail16JsonDeserializerINS1_6ReaderIPcvEENS1_11StringMoverEE22canBeInNonQuotedStringEc
                0x00002d9c       0x2a C:\Users\iwheard\AppData\Local\arduino\sketches\F7235C10B846DC2223C85B11C54316BE\sketch\practable-portal-iot-FW.ino.cpp.o
                0x00002d9c                ArduinoJson::V6215PB2::detail::JsonDeserializer<ArduinoJson::V6215PB2::detail::Reader<char*, void>, ArduinoJson::V6215PB2::detail::StringMover>::canBeInNonQuotedString(char)
 .text._ZN11ArduinoJson8V6215PB26detail16JsonDeserializerINS1_6ReaderIPcvEENS1_11StringMoverEE11parseObjectINS1_14AllowAllFilterEEENS0_20DeserializationError4CodeERNS1_14CollectionDataET_NS0_21DeserializationOption12NestingLimitE
                0x00002dc6      0x104 C:\Users\iwheard\AppData\Local\arduino\sketches\F7235C10B846DC2223C85B11C54316BE\sketch\practable-portal-iot-FW.ino.cpp.o
                0x00002dc6                ArduinoJson::V6215PB2::DeserializationError::Code ArduinoJson::V6215PB2::detail::JsonDeserializer<ArduinoJson::V6215PB2::detail::Reader<char*, void>, ArduinoJson::V6215PB2::detail::StringMover>::parseObject<ArduinoJson::V6215PB2::detail::AllowAllFilter>(ArduinoJson::V6215PB2::detail::CollectionData&, ArduinoJson::V6215PB2::detail::AllowAllFilter, ArduinoJson::V6215PB2::DeserializationOption::NestingLimit)
 *fill*         0x00002eca        0x2 
 .text._ZN11ArduinoJson8V6215PB26detail16JsonDeserializerINS1_6ReaderIPcvEENS1_11StringMoverEE12parseVariantINS1_14AllowAllFilterEEENS0_20DeserializationError4CodeERNS1_11VariantDataET_NS0_21DeserializationOption12NestingLimitE
                0x00002ecc      0x1ac C:\Users\iwheard\AppData\Local\arduino\sketches\F7235C10B846DC2223C85B11C54316BE\sketch\practable-portal-iot-FW.ino.cpp.o
                0x00002ecc                ArduinoJson::V6215PB2::DeserializationError::Code ArduinoJson::V6215PB2::detail::JsonDeserializer<ArduinoJson::V6215PB2::detail::Reader<char*, void>, ArduinoJson::V6215PB2::detail::StringMover>::parseVariant<ArduinoJson::V6215PB2::detail::AllowAllFilter>(ArduinoJson::V6215PB2::detail::VariantData&, ArduinoJson::V6215PB2::detail::AllowAllFilter, ArduinoJson::V6215PB2::DeserializationOption::NestingLimit)
 .text.startup._GLOBAL__sub_I_sbcTrig
                0x00003078       0x80 C:\Users\iwheard\AppData\Local\arduino\sketches\F7235C10B846DC2223C85B11C54316BE\sketch\practable-portal-iot-FW.ino.cpp.o
 .text._Z11show_splashv
                0x000030f8       0x60 C:\Users\iwheard\AppData\Local\arduino\sketches\F7235C10B846DC2223C85B11C54316BE\sketch\practable-portal-iot-FW.ino.cpp.o
                0x000030f8                show_splash()
 .text._Z11update_oledv
                0x00003158       0xa0 C:\Users\iwheard\AppData\Local\arduino\sketches\F7235C10B846DC2223C85B11C54316BE\sketch\practable-portal-iot-FW.ino.cpp.o
                0x00003158                update_oled()
 .text._Z17request_json_datav
                0x000031f8      0x18c C:\Users\iwheard\AppData\Local\arduino\sketches\F7235C10B846DC2223C85B11C54316BE\sketch\practable-portal-iot-FW.ino.cpp.o
                0x000031f8                request_json_data()
 .text.loop     0x00003384       0xd4 C:\Users\iwheard\AppData\Local\arduino\sketches\F7235C10B846DC2223C85B11C54316BE\sketch\practable-portal-iot-FW.ino.cpp.o
                0x00003384                loop
 .text.setup    0x00003458      0x12c C:\Users\iwheard\AppData\Local\arduino\sketches\F7235C10B846DC2223C85B11C54316BE\sketch\practable-portal-iot-FW.ino.cpp.o
                0x00003458                setup
 .text._ZN12SPIClassSAMD8transferEPvj
                0x00003584       0x1e C:\Users\iwheard\AppData\Local\arduino\sketches\F7235C10B846DC2223C85B11C54316BE\libraries\SPI\SPI.cpp.o
                0x00003584                SPIClassSAMD::transfer(void*, unsigned int)
 .text._ZN12SPIClassSAMD15attachInterruptEv
                0x000035a2        0x2 C:\Users\iwheard\AppData\Local\arduino\sketches\F7235C10B846DC2223C85B11C54316BE\libraries\SPI\SPI.cpp.o
                0x000035a2                SPIClassSAMD::detachInterrupt()
                0x000035a2                SPIClassSAMD::attachInterrupt()
 .text._ZN12SPIClassSAMDD2Ev
                0x000035a4        0x2 C:\Users\iwheard\AppData\Local\arduino\sketches\F7235C10B846DC2223C85B11C54316BE\libraries\SPI\SPI.cpp.o
                0x000035a4                SPIClassSAMD::~SPIClassSAMD()
                0x000035a4                SPIClassSAMD::~SPIClassSAMD()
 .text._ZN12SPIClassSAMD3endEv
                0x000035a6       0x10 C:\Users\iwheard\AppData\Local\arduino\sketches\F7235C10B846DC2223C85B11C54316BE\libraries\SPI\SPI.cpp.o
                0x000035a6                SPIClassSAMD::end()
 .text._ZN12SPIClassSAMD8transferEh
                0x000035b6        0xa C:\Users\iwheard\AppData\Local\arduino\sketches\F7235C10B846DC2223C85B11C54316BE\libraries\SPI\SPI.cpp.o
                0x000035b6                SPIClassSAMD::transfer(unsigned char)
 .text._ZN12SPIClassSAMD10transfer16Et
                0x000035c0       0x58 C:\Users\iwheard\AppData\Local\arduino\sketches\F7235C10B846DC2223C85B11C54316BE\libraries\SPI\SPI.cpp.o
                0x000035c0                SPIClassSAMD::transfer16(unsigned short)
 .text._ZN12SPIClassSAMDD0Ev
                0x00003618        0xc C:\Users\iwheard\AppData\Local\arduino\sketches\F7235C10B846DC2223C85B11C54316BE\libraries\SPI\SPI.cpp.o
                0x00003618                SPIClassSAMD::~SPIClassSAMD()
 .text._ZN12SPIClassSAMD14usingInterruptEi
                0x00003624       0x44 C:\Users\iwheard\AppData\Local\arduino\sketches\F7235C10B846DC2223C85B11C54316BE\libraries\SPI\SPI.cpp.o
                0x00003624                SPIClassSAMD::usingInterrupt(int)
 .text._ZN12SPIClassSAMD17notUsingInterruptEi
                0x00003668       0x3c C:\Users\iwheard\AppData\Local\arduino\sketches\F7235C10B846DC2223C85B11C54316BE\libraries\SPI\SPI.cpp.o
                0x00003668                SPIClassSAMD::notUsingInterrupt(int)
 .text._ZN12SPIClassSAMD14endTransactionEv
                0x000036a4       0x28 C:\Users\iwheard\AppData\Local\arduino\sketches\F7235C10B846DC2223C85B11C54316BE\libraries\SPI\SPI.cpp.o
                0x000036a4                SPIClassSAMD::endTransaction()
 .text._ZN12SPIClassSAMD4initEv
                0x000036cc       0x12 C:\Users\iwheard\AppData\Local\arduino\sketches\F7235C10B846DC2223C85B11C54316BE\libraries\SPI\SPI.cpp.o
                0x000036cc                SPIClassSAMD::init()
 *fill*         0x000036de        0x2 
 .text._ZN12SPIClassSAMD6configEN7arduino11SPISettingsE
                0x000036e0       0x74 C:\Users\iwheard\AppData\Local\arduino\sketches\F7235C10B846DC2223C85B11C54316BE\libraries\SPI\SPI.cpp.o
                0x000036e0                SPIClassSAMD::config(arduino::SPISettings)
 .text._ZN12SPIClassSAMD5beginEv
                0x00003754       0x50 C:\Users\iwheard\AppData\Local\arduino\sketches\F7235C10B846DC2223C85B11C54316BE\libraries\SPI\SPI.cpp.o
                0x00003754                SPIClassSAMD::begin()
 .text._ZN12SPIClassSAMD16beginTransactionEN7arduino11SPISettingsE
                0x000037a4       0x38 C:\Users\iwheard\AppData\Local\arduino\sketches\F7235C10B846DC2223C85B11C54316BE\libraries\SPI\SPI.cpp.o
                0x000037a4                SPIClassSAMD::beginTransaction(arduino::SPISettings)
 .text.startup._GLOBAL__sub_I__ZN12SPIClassSAMDC2EP6SERCOMhhh14SercomSpiTXPad11SercomRXPad
                0x000037dc       0x98 C:\Users\iwheard\AppData\Local\arduino\sketches\F7235C10B846DC2223C85B11C54316BE\libraries\SPI\SPI.cpp.o
 .text._ZN7arduino5Print17availableForWriteEv
                0x00003874        0x4 C:\Users\iwheard\AppData\Local\arduino\sketches\F7235C10B846DC2223C85B11C54316BE\libraries\Wire\Wire.cpp.o
                0x00003874                arduino::Print::availableForWrite()
 .text._ZN7arduino7TwoWire11requestFromEhj
                0x00003878        0xc C:\Users\iwheard\AppData\Local\arduino\sketches\F7235C10B846DC2223C85B11C54316BE\libraries\Wire\Wire.cpp.o
                0x00003878                arduino::TwoWire::requestFrom(unsigned char, unsigned int)
 .text._ZN7arduino7TwoWire17beginTransmissionEh
                0x00003884       0x18 C:\Users\iwheard\AppData\Local\arduino\sketches\F7235C10B846DC2223C85B11C54316BE\libraries\Wire\Wire.cpp.o
                0x00003884                arduino::TwoWire::beginTransmission(unsigned char)
 .text._ZN7arduino7TwoWire15endTransmissionEv
                0x0000389c        0xc C:\Users\iwheard\AppData\Local\arduino\sketches\F7235C10B846DC2223C85B11C54316BE\libraries\Wire\Wire.cpp.o
                0x0000389c                arduino::TwoWire::endTransmission()
 .text._ZN7arduino7TwoWire5writeEPKhj
                0x000038a8       0x24 C:\Users\iwheard\AppData\Local\arduino\sketches\F7235C10B846DC2223C85B11C54316BE\libraries\Wire\Wire.cpp.o
                0x000038a8                arduino::TwoWire::write(unsigned char const*, unsigned int)
 .text._ZN7arduino7TwoWire9availableEv
                0x000038cc        0x6 C:\Users\iwheard\AppData\Local\arduino\sketches\F7235C10B846DC2223C85B11C54316BE\libraries\Wire\Wire.cpp.o
                0x000038cc                arduino::TwoWire::available()
 .text._ZN7arduino7TwoWire5flushEv
                0x000038d2        0x2 C:\Users\iwheard\AppData\Local\arduino\sketches\F7235C10B846DC2223C85B11C54316BE\libraries\Wire\Wire.cpp.o
                0x000038d2                arduino::TwoWire::flush()
 .text._ZN7arduino7TwoWire9onReceiveEPFviE
                0x000038d4        0x8 C:\Users\iwheard\AppData\Local\arduino\sketches\F7235C10B846DC2223C85B11C54316BE\libraries\Wire\Wire.cpp.o
                0x000038d4                arduino::TwoWire::onReceive(void (*)(int))
 .text._ZN7arduino7TwoWire9onRequestEPFvvE
                0x000038dc        0x8 C:\Users\iwheard\AppData\Local\arduino\sketches\F7235C10B846DC2223C85B11C54316BE\libraries\Wire\Wire.cpp.o
                0x000038dc                arduino::TwoWire::onRequest(void (*)())
 .text._ZN7arduino7TwoWire4peekEv
                0x000038e4       0x18 C:\Users\iwheard\AppData\Local\arduino\sketches\F7235C10B846DC2223C85B11C54316BE\libraries\Wire\Wire.cpp.o
                0x000038e4                arduino::TwoWire::peek()
 .text._ZN7arduino7TwoWire5beginEv
                0x000038fc       0x40 C:\Users\iwheard\AppData\Local\arduino\sketches\F7235C10B846DC2223C85B11C54316BE\libraries\Wire\Wire.cpp.o
                0x000038fc                arduino::TwoWire::begin()
 .text._ZN7arduino7TwoWire8setClockEm
                0x0000393c       0x1c C:\Users\iwheard\AppData\Local\arduino\sketches\F7235C10B846DC2223C85B11C54316BE\libraries\Wire\Wire.cpp.o
                0x0000393c                arduino::TwoWire::setClock(unsigned long)
 .text._ZN7arduino7TwoWire3endEv
                0x00003958        0xa C:\Users\iwheard\AppData\Local\arduino\sketches\F7235C10B846DC2223C85B11C54316BE\libraries\Wire\Wire.cpp.o
                0x00003958                arduino::TwoWire::end()
 *fill*         0x00003962        0x2 
 .text._ZN7arduino7TwoWireC2EP6SERCOMhh
                0x00003964       0x64 C:\Users\iwheard\AppData\Local\arduino\sketches\F7235C10B846DC2223C85B11C54316BE\libraries\Wire\Wire.cpp.o
                0x00003964                arduino::TwoWire::TwoWire(SERCOM*, unsigned char, unsigned char)
                0x00003964                arduino::TwoWire::TwoWire(SERCOM*, unsigned char, unsigned char)
 .text._ZN7arduino7TwoWire5beginEhb
                0x000039c8       0x38 C:\Users\iwheard\AppData\Local\arduino\sketches\F7235C10B846DC2223C85B11C54316BE\libraries\Wire\Wire.cpp.o
                0x000039c8                arduino::TwoWire::begin(unsigned char, bool)
 .text._ZN7arduino7TwoWire5beginEh
                0x00003a00        0xa C:\Users\iwheard\AppData\Local\arduino\sketches\F7235C10B846DC2223C85B11C54316BE\libraries\Wire\Wire.cpp.o
                0x00003a00                arduino::TwoWire::begin(unsigned char)
 .text._ZN7arduino11RingBufferNILi256EE10store_charEh
                0x00003a0a       0x24 C:\Users\iwheard\AppData\Local\arduino\sketches\F7235C10B846DC2223C85B11C54316BE\libraries\Wire\Wire.cpp.o
                0x00003a0a                arduino::RingBufferN<256>::store_char(unsigned char)
 .text._ZN7arduino7TwoWire11requestFromEhjb
                0x00003a2e       0x90 C:\Users\iwheard\AppData\Local\arduino\sketches\F7235C10B846DC2223C85B11C54316BE\libraries\Wire\Wire.cpp.o
                0x00003a2e                arduino::TwoWire::requestFrom(unsigned char, unsigned int, bool)
 .text._ZN7arduino7TwoWire5writeEh
                0x00003abe       0x28 C:\Users\iwheard\AppData\Local\arduino\sketches\F7235C10B846DC2223C85B11C54316BE\libraries\Wire\Wire.cpp.o
                0x00003abe                arduino::TwoWire::write(unsigned char)
 .text._ZN7arduino11RingBufferNILi256EE9read_charEv
                0x00003ae6       0x24 C:\Users\iwheard\AppData\Local\arduino\sketches\F7235C10B846DC2223C85B11C54316BE\libraries\Wire\Wire.cpp.o
                0x00003ae6                arduino::RingBufferN<256>::read_char()
 .text._ZN7arduino7TwoWire15endTransmissionEb
                0x00003b0a       0x66 C:\Users\iwheard\AppData\Local\arduino\sketches\F7235C10B846DC2223C85B11C54316BE\libraries\Wire\Wire.cpp.o
                0x00003b0a                arduino::TwoWire::endTransmission(bool)
 .text._ZN7arduino7TwoWire4readEv
                0x00003b70        0xa C:\Users\iwheard\AppData\Local\arduino\sketches\F7235C10B846DC2223C85B11C54316BE\libraries\Wire\Wire.cpp.o
                0x00003b70                arduino::TwoWire::read()
 .text._ZN7arduino7TwoWire9onServiceEv
                0x00003b7a      0x114 C:\Users\iwheard\AppData\Local\arduino\sketches\F7235C10B846DC2223C85B11C54316BE\libraries\Wire\Wire.cpp.o
                0x00003b7a                arduino::TwoWire::onService()
 *fill*         0x00003c8e        0x2 
 .text.SERCOM4_Handler
                0x00003c90       0x10 C:\Users\iwheard\AppData\Local\arduino\sketches\F7235C10B846DC2223C85B11C54316BE\libraries\Wire\Wire.cpp.o
                0x00003c90                SERCOM4_Handler
 .text.startup._GLOBAL__sub_I__ZN7arduino7TwoWireC2EP6SERCOMhh
                0x00003ca0       0x18 C:\Users\iwheard\AppData\Local\arduino\sketches\F7235C10B846DC2223C85B11C54316BE\libraries\Wire\Wire.cpp.o
 .text._ZN7arduino5Print5flushEv
                0x00003cb8        0x2 C:\Users\iwheard\AppData\Local\arduino\sketches\F7235C10B846DC2223C85B11C54316BE\libraries\Adafruit_GFX_Library\Adafruit_GFX.cpp.o
                0x00003cb8                arduino::Print::flush()
 .text._ZN12Adafruit_GFX9writeLineEsssst
                0x00003cba       0xc6 C:\Users\iwheard\AppData\Local\arduino\sketches\F7235C10B846DC2223C85B11C54316BE\libraries\Adafruit_GFX_Library\Adafruit_GFX.cpp.o
                0x00003cba                Adafruit_GFX::writeLine(short, short, short, short, unsigned short)
 .text._ZN12Adafruit_GFX10startWriteEv
                0x00003d80        0x2 C:\Users\iwheard\AppData\Local\arduino\sketches\F7235C10B846DC2223C85B11C54316BE\libraries\Adafruit_GFX_Library\Adafruit_GFX.cpp.o
                0x00003d80                Adafruit_GFX::startWrite()
                0x00003d80                Adafruit_GFX::endWrite()
 .text._ZN12Adafruit_GFX10writePixelEsst
                0x00003d82        0xa C:\Users\iwheard\AppData\Local\arduino\sketches\F7235C10B846DC2223C85B11C54316BE\libraries\Adafruit_GFX_Library\Adafruit_GFX.cpp.o
                0x00003d82                Adafruit_GFX::writePixel(short, short, unsigned short)
 .text._ZN12Adafruit_GFX14writeFastVLineEssst
                0x00003d8c       0x10 C:\Users\iwheard\AppData\Local\arduino\sketches\F7235C10B846DC2223C85B11C54316BE\libraries\Adafruit_GFX_Library\Adafruit_GFX.cpp.o
                0x00003d8c                Adafruit_GFX::writeFastVLine(short, short, short, unsigned short)
 .text._ZN12Adafruit_GFX14writeFastHLineEssst
                0x00003d9c       0x10 C:\Users\iwheard\AppData\Local\arduino\sketches\F7235C10B846DC2223C85B11C54316BE\libraries\Adafruit_GFX_Library\Adafruit_GFX.cpp.o
                0x00003d9c                Adafruit_GFX::writeFastHLine(short, short, short, unsigned short)
 .text._ZN12Adafruit_GFX13writeFillRectEsssst
                0x00003dac       0x18 C:\Users\iwheard\AppData\Local\arduino\sketches\F7235C10B846DC2223C85B11C54316BE\libraries\Adafruit_GFX_Library\Adafruit_GFX.cpp.o
                0x00003dac                Adafruit_GFX::writeFillRect(short, short, short, short, unsigned short)
 .text._ZN12Adafruit_GFX13drawFastVLineEssst
                0x00003dc4       0x3c C:\Users\iwheard\AppData\Local\arduino\sketches\F7235C10B846DC2223C85B11C54316BE\libraries\Adafruit_GFX_Library\Adafruit_GFX.cpp.o
                0x00003dc4                Adafruit_GFX::drawFastVLine(short, short, short, unsigned short)
 .text._ZN12Adafruit_GFX13drawFastHLineEssst
                0x00003e00       0x3c C:\Users\iwheard\AppData\Local\arduino\sketches\F7235C10B846DC2223C85B11C54316BE\libraries\Adafruit_GFX_Library\Adafruit_GFX.cpp.o
                0x00003e00                Adafruit_GFX::drawFastHLine(short, short, short, unsigned short)
 .text._ZN12Adafruit_GFX8fillRectEsssst
                0x00003e3c       0x4c C:\Users\iwheard\AppData\Local\arduino\sketches\F7235C10B846DC2223C85B11C54316BE\libraries\Adafruit_GFX_Library\Adafruit_GFX.cpp.o
                0x00003e3c                Adafruit_GFX::fillRect(short, short, short, short, unsigned short)
 .text._ZN12Adafruit_GFX10fillScreenEt
                0x00003e88       0x1a C:\Users\iwheard\AppData\Local\arduino\sketches\F7235C10B846DC2223C85B11C54316BE\libraries\Adafruit_GFX_Library\Adafruit_GFX.cpp.o
                0x00003e88                Adafruit_GFX::fillScreen(unsigned short)
 .text._ZN12Adafruit_GFX8drawRectEsssst
                0x00003ea2       0x80 C:\Users\iwheard\AppData\Local\arduino\sketches\F7235C10B846DC2223C85B11C54316BE\libraries\Adafruit_GFX_Library\Adafruit_GFX.cpp.o
                0x00003ea2                Adafruit_GFX::drawRect(short, short, short, short, unsigned short)
 .text._ZN12Adafruit_GFX13invertDisplayEb
                0x00003f22        0x2 C:\Users\iwheard\AppData\Local\arduino\sketches\F7235C10B846DC2223C85B11C54316BE\libraries\Adafruit_GFX_Library\Adafruit_GFX.cpp.o
                0x00003f22                Adafruit_GFX::invertDisplay(bool)
 .text._ZN12Adafruit_GFX8drawLineEsssst
                0x00003f24       0x8a C:\Users\iwheard\AppData\Local\arduino\sketches\F7235C10B846DC2223C85B11C54316BE\libraries\Adafruit_GFX_Library\Adafruit_GFX.cpp.o
                0x00003f24                Adafruit_GFX::drawLine(short, short, short, short, unsigned short)
 .text._ZN12Adafruit_GFX11setRotationEh
                0x00003fae       0x24 C:\Users\iwheard\AppData\Local\arduino\sketches\F7235C10B846DC2223C85B11C54316BE\libraries\Adafruit_GFX_Library\Adafruit_GFX.cpp.o
                0x00003fae                Adafruit_GFX::setRotation(unsigned char)
 *fill*         0x00003fd2        0x2 
 .text._ZN12Adafruit_GFXC2Ess
                0x00003fd4       0x34 C:\Users\iwheard\AppData\Local\arduino\sketches\F7235C10B846DC2223C85B11C54316BE\libraries\Adafruit_GFX_Library\Adafruit_GFX.cpp.o
                0x00003fd4                Adafruit_GFX::Adafruit_GFX(short, short)
                0x00003fd4                Adafruit_GFX::Adafruit_GFX(short, short)
 .text._ZN12Adafruit_GFX16drawCircleHelperEsssht
                0x00004008      0x174 C:\Users\iwheard\AppData\Local\arduino\sketches\F7235C10B846DC2223C85B11C54316BE\libraries\Adafruit_GFX_Library\Adafruit_GFX.cpp.o
                0x00004008                Adafruit_GFX::drawCircleHelper(short, short, short, unsigned char, unsigned short)
 .text._ZN12Adafruit_GFX16fillCircleHelperEssshst
                0x0000417c      0x142 C:\Users\iwheard\AppData\Local\arduino\sketches\F7235C10B846DC2223C85B11C54316BE\libraries\Adafruit_GFX_Library\Adafruit_GFX.cpp.o
                0x0000417c                Adafruit_GFX::fillCircleHelper(short, short, short, unsigned char, short, unsigned short)
 .text._ZN12Adafruit_GFX13drawRoundRectEssssst
                0x000042be      0x150 C:\Users\iwheard\AppData\Local\arduino\sketches\F7235C10B846DC2223C85B11C54316BE\libraries\Adafruit_GFX_Library\Adafruit_GFX.cpp.o
                0x000042be                Adafruit_GFX::drawRoundRect(short, short, short, short, short, unsigned short)
 .text._ZN12Adafruit_GFX13fillRoundRectEssssst
                0x0000440e       0xcc C:\Users\iwheard\AppData\Local\arduino\sketches\F7235C10B846DC2223C85B11C54316BE\libraries\Adafruit_GFX_Library\Adafruit_GFX.cpp.o
                0x0000440e                Adafruit_GFX::fillRoundRect(short, short, short, short, short, unsigned short)
 .text._ZN12Adafruit_GFX10drawBitmapEssPKhsst
                0x000044da       0xb6 C:\Users\iwheard\AppData\Local\arduino\sketches\F7235C10B846DC2223C85B11C54316BE\libraries\Adafruit_GFX_Library\Adafruit_GFX.cpp.o
                0x000044da                Adafruit_GFX::drawBitmap(short, short, unsigned char const*, short, short, unsigned short)
 .text._ZN12Adafruit_GFX8drawCharEsshtthh
                0x00004590      0x2dc C:\Users\iwheard\AppData\Local\arduino\sketches\F7235C10B846DC2223C85B11C54316BE\libraries\Adafruit_GFX_Library\Adafruit_GFX.cpp.o
                0x00004590                Adafruit_GFX::drawChar(short, short, unsigned char, unsigned short, unsigned short, unsigned char, unsigned char)
 .text._ZN12Adafruit_GFX5writeEh
                0x0000486c      0x100 C:\Users\iwheard\AppData\Local\arduino\sketches\F7235C10B846DC2223C85B11C54316BE\libraries\Adafruit_GFX_Library\Adafruit_GFX.cpp.o
                0x0000486c                Adafruit_GFX::write(unsigned char)
 .text._ZN12Adafruit_GFX11setTextSizeEhh
                0x0000496c       0x12 C:\Users\iwheard\AppData\Local\arduino\sketches\F7235C10B846DC2223C85B11C54316BE\libraries\Adafruit_GFX_Library\Adafruit_GFX.cpp.o
                0x0000496c                Adafruit_GFX::setTextSize(unsigned char, unsigned char)
 .text._ZN12Adafruit_GFX11setTextSizeEh
                0x0000497e        0xa C:\Users\iwheard\AppData\Local\arduino\sketches\F7235C10B846DC2223C85B11C54316BE\libraries\Adafruit_GFX_Library\Adafruit_GFX.cpp.o
                0x0000497e                Adafruit_GFX::setTextSize(unsigned char)
 .text._ZN16Adafruit_SSD13069drawPixelEsst
                0x00004988       0xca C:\Users\iwheard\AppData\Local\arduino\sketches\F7235C10B846DC2223C85B11C54316BE\libraries\Adafruit_SSD1306\Adafruit_SSD1306.cpp.o
                0x00004988                Adafruit_SSD1306::drawPixel(short, short, unsigned short)
 *fill*         0x00004a52        0x2 
 .text._ZN16Adafruit_SSD1306C2EhhPN7arduino7TwoWireEamm
                0x00004a54       0x64 C:\Users\iwheard\AppData\Local\arduino\sketches\F7235C10B846DC2223C85B11C54316BE\libraries\Adafruit_SSD1306\Adafruit_SSD1306.cpp.o
                0x00004a54                Adafruit_SSD1306::Adafruit_SSD1306(unsigned char, unsigned char, arduino::TwoWire*, signed char, unsigned long, unsigned long)
                0x00004a54                Adafruit_SSD1306::Adafruit_SSD1306(unsigned char, unsigned char, arduino::TwoWire*, signed char, unsigned long, unsigned long)
 .text._ZN16Adafruit_SSD1306D2Ev
                0x00004ab8       0x1c C:\Users\iwheard\AppData\Local\arduino\sketches\F7235C10B846DC2223C85B11C54316BE\libraries\Adafruit_SSD1306\Adafruit_SSD1306.cpp.o
                0x00004ab8                Adafruit_SSD1306::~Adafruit_SSD1306()
                0x00004ab8                Adafruit_SSD1306::~Adafruit_SSD1306()
 .text._ZN16Adafruit_SSD130616ssd1306_command1Eh
                0x00004ad4       0x82 C:\Users\iwheard\AppData\Local\arduino\sketches\F7235C10B846DC2223C85B11C54316BE\libraries\Adafruit_SSD1306\Adafruit_SSD1306.cpp.o
                0x00004ad4                Adafruit_SSD1306::ssd1306_command1(unsigned char)
 .text._ZN16Adafruit_SSD130613invertDisplayEb
                0x00004b56       0x66 C:\Users\iwheard\AppData\Local\arduino\sketches\F7235C10B846DC2223C85B11C54316BE\libraries\Adafruit_SSD1306\Adafruit_SSD1306.cpp.o
                0x00004b56                Adafruit_SSD1306::invertDisplay(bool)
 .text._ZN16Adafruit_SSD130619ssd1306_commandListEPKhh
                0x00004bbc       0xc8 C:\Users\iwheard\AppData\Local\arduino\sketches\F7235C10B846DC2223C85B11C54316BE\libraries\Adafruit_SSD1306\Adafruit_SSD1306.cpp.o
                0x00004bbc                Adafruit_SSD1306::ssd1306_commandList(unsigned char const*, unsigned char)
 .text._ZN16Adafruit_SSD130612clearDisplayEv
                0x00004c84       0x22 C:\Users\iwheard\AppData\Local\arduino\sketches\F7235C10B846DC2223C85B11C54316BE\libraries\Adafruit_SSD1306\Adafruit_SSD1306.cpp.o
                0x00004c84                Adafruit_SSD1306::clearDisplay()
 *fill*         0x00004ca6        0x2 
 .text._ZN16Adafruit_SSD13065beginEhhbb
                0x00004ca8      0x340 C:\Users\iwheard\AppData\Local\arduino\sketches\F7235C10B846DC2223C85B11C54316BE\libraries\Adafruit_SSD1306\Adafruit_SSD1306.cpp.o
                0x00004ca8                Adafruit_SSD1306::begin(unsigned char, unsigned char, bool, bool)
 .text._ZN16Adafruit_SSD130621drawFastHLineInternalEssst
                0x00004fe8       0x92 C:\Users\iwheard\AppData\Local\arduino\sketches\F7235C10B846DC2223C85B11C54316BE\libraries\Adafruit_SSD1306\Adafruit_SSD1306.cpp.o
                0x00004fe8                Adafruit_SSD1306::drawFastHLineInternal(short, short, short, unsigned short)
 *fill*         0x0000507a        0x2 
 .text._ZN16Adafruit_SSD130621drawFastVLineInternalEssst
                0x0000507c      0x114 C:\Users\iwheard\AppData\Local\arduino\sketches\F7235C10B846DC2223C85B11C54316BE\libraries\Adafruit_SSD1306\Adafruit_SSD1306.cpp.o
                0x0000507c                Adafruit_SSD1306::drawFastVLineInternal(short, short, short, unsigned short)
 .text._ZN16Adafruit_SSD130613drawFastHLineEssst
                0x00005190       0x4e C:\Users\iwheard\AppData\Local\arduino\sketches\F7235C10B846DC2223C85B11C54316BE\libraries\Adafruit_SSD1306\Adafruit_SSD1306.cpp.o
                0x00005190                Adafruit_SSD1306::drawFastHLine(short, short, short, unsigned short)
 .text._ZN16Adafruit_SSD130613drawFastVLineEssst
                0x000051de       0x4e C:\Users\iwheard\AppData\Local\arduino\sketches\F7235C10B846DC2223C85B11C54316BE\libraries\Adafruit_SSD1306\Adafruit_SSD1306.cpp.o
                0x000051de                Adafruit_SSD1306::drawFastVLine(short, short, short, unsigned short)
 .text._ZN16Adafruit_SSD13067displayEv
                0x0000522c      0x160 C:\Users\iwheard\AppData\Local\arduino\sketches\F7235C10B846DC2223C85B11C54316BE\libraries\Adafruit_SSD1306\Adafruit_SSD1306.cpp.o
                0x0000522c                Adafruit_SSD1306::display()
 .text._ZN12buttonObject5beginEv
                0x0000538c       0x18 C:\Users\iwheard\AppData\Local\arduino\sketches\F7235C10B846DC2223C85B11C54316BE\libraries\buttonObject_Library\buttonObject.cpp.o
                0x0000538c                buttonObject::begin()
 .text._ZN12buttonObject12sampleButtonEv
                0x000053a4        0xc C:\Users\iwheard\AppData\Local\arduino\sketches\F7235C10B846DC2223C85B11C54316BE\libraries\buttonObject_Library\buttonObject.cpp.o
                0x000053a4                buttonObject::sampleButton()
 .text._ZN12buttonObject12detectButtonEv
                0x000053b0       0x18 C:\Users\iwheard\AppData\Local\arduino\sketches\F7235C10B846DC2223C85B11C54316BE\libraries\buttonObject_Library\buttonObject.cpp.o
                0x000053b0                buttonObject::detectButton()
 .text._ZN12buttonObject12updateButtonEPh
                0x000053c8       0x16 C:\Users\iwheard\AppData\Local\arduino\sketches\F7235C10B846DC2223C85B11C54316BE\libraries\buttonObject_Library\buttonObject.cpp.o
                0x000053c8                buttonObject::updateButton(unsigned char*)
 .text._ZN12buttonObject10buttonLoopEm
                0x000053de       0x72 C:\Users\iwheard\AppData\Local\arduino\sketches\F7235C10B846DC2223C85B11C54316BE\libraries\buttonObject_Library\buttonObject.cpp.o
                0x000053de                buttonObject::buttonLoop(unsigned long)
 .text._ZN12buttonObject11buttonResetEv
                0x00005450        0xa C:\Users\iwheard\AppData\Local\arduino\sketches\F7235C10B846DC2223C85B11C54316BE\libraries\buttonObject_Library\buttonObject.cpp.o
                0x00005450                buttonObject::buttonReset()
 .text._ZN9autoDelayC2Ev
                0x0000545a        0x8 C:\Users\iwheard\AppData\Local\arduino\sketches\F7235C10B846DC2223C85B11C54316BE\libraries\autoDelay_Library\autoDelay.cpp.o
                0x0000545a                autoDelay::autoDelay()
                0x0000545a                autoDelay::autoDelay()
 .text._ZN9autoDelay11millisDelayEm
                0x00005462       0x1c C:\Users\iwheard\AppData\Local\arduino\sketches\F7235C10B846DC2223C85B11C54316BE\libraries\autoDelay_Library\autoDelay.cpp.o
                0x00005462                autoDelay::millisDelay(unsigned long)
 .text.initVariant
                0x0000547e       0x24 C:\Users\iwheard\AppData\Local\arduino\sketches\F7235C10B846DC2223C85B11C54316BE\core\variant.cpp.o
                0x0000547e                initVariant
 *fill*         0x000054a2        0x2 
 .text.SERCOM5_Handler
                0x000054a4       0x10 C:\Users\iwheard\AppData\Local\arduino\sketches\F7235C10B846DC2223C85B11C54316BE\core\variant.cpp.o
                0x000054a4                SERCOM5_Handler
 .text.SERCOM3_Handler
                0x000054b4       0x10 C:\Users\iwheard\AppData\Local\arduino\sketches\F7235C10B846DC2223C85B11C54316BE\core\variant.cpp.o
                0x000054b4                SERCOM3_Handler
 .text.SERCOM2_Handler
                0x000054c4       0x10 C:\Users\iwheard\AppData\Local\arduino\sketches\F7235C10B846DC2223C85B11C54316BE\core\variant.cpp.o
                0x000054c4                SERCOM2_Handler
 .text.startup._GLOBAL__sub_I_g_APinDescription
                0x000054d4       0xbc C:\Users\iwheard\AppData\Local\arduino\sketches\F7235C10B846DC2223C85B11C54316BE\core\variant.cpp.o
 .text._ZN6SERCOMC2EP6Sercom
                0x00005590        0x8 C:\Users\iwheard\AppData\Local\arduino\sketches\F7235C10B846DC2223C85B11C54316BE/..\..\cores\arduino_samd_nano_33_iot_b7ac00331b7676b70ae03e640afd2ffd\core.a(SERCOM.cpp.o)
                0x00005590                SERCOM::SERCOM(Sercom*)
                0x00005590                SERCOM::SERCOM(Sercom*)
 .text._ZN6SERCOM9initFrameE18SercomUartCharSize15SercomDataOrder16SercomParityMode19SercomNumberStopBit
                0x00005598       0x3a C:\Users\iwheard\AppData\Local\arduino\sketches\F7235C10B846DC2223C85B11C54316BE/..\..\cores\arduino_samd_nano_33_iot_b7ac00331b7676b70ae03e640afd2ffd\core.a(SERCOM.cpp.o)
                0x00005598                SERCOM::initFrame(SercomUartCharSize, SercomDataOrder, SercomParityMode, SercomNumberStopBit)
 .text._ZN6SERCOM8initPadsE15SercomUartTXPad11SercomRXPad
                0x000055d2       0x26 C:\Users\iwheard\AppData\Local\arduino\sketches\F7235C10B846DC2223C85B11C54316BE/..\..\cores\arduino_samd_nano_33_iot_b7ac00331b7676b70ae03e640afd2ffd\core.a(SERCOM.cpp.o)
                0x000055d2                SERCOM::initPads(SercomUartTXPad, SercomRXPad)
 .text._ZN6SERCOM9resetUARTEv
                0x000055f8       0x1a C:\Users\iwheard\AppData\Local\arduino\sketches\F7235C10B846DC2223C85B11C54316BE/..\..\cores\arduino_samd_nano_33_iot_b7ac00331b7676b70ae03e640afd2ffd\core.a(SERCOM.cpp.o)
                0x000055f8                SERCOM::resetUART()
 .text._ZN6SERCOM10enableUARTEv
                0x00005612       0x14 C:\Users\iwheard\AppData\Local\arduino\sketches\F7235C10B846DC2223C85B11C54316BE/..\..\cores\arduino_samd_nano_33_iot_b7ac00331b7676b70ae03e640afd2ffd\core.a(SERCOM.cpp.o)
                0x00005612                SERCOM::enableUART()
 .text._ZN6SERCOM9flushUARTEv
                0x00005626       0x14 C:\Users\iwheard\AppData\Local\arduino\sketches\F7235C10B846DC2223C85B11C54316BE/..\..\cores\arduino_samd_nano_33_iot_b7ac00331b7676b70ae03e640afd2ffd\core.a(SERCOM.cpp.o)
                0x00005626                SERCOM::flushUART()
 .text._ZN6SERCOM15clearStatusUARTEv
                0x0000563a        0x8 C:\Users\iwheard\AppData\Local\arduino\sketches\F7235C10B846DC2223C85B11C54316BE/..\..\cores\arduino_samd_nano_33_iot_b7ac00331b7676b70ae03e640afd2ffd\core.a(SERCOM.cpp.o)
                0x0000563a                SERCOM::clearStatusUART()
 .text._ZN6SERCOM17availableDataUARTEv
                0x00005642        0xa C:\Users\iwheard\AppData\Local\arduino\sketches\F7235C10B846DC2223C85B11C54316BE/..\..\cores\arduino_samd_nano_33_iot_b7ac00331b7676b70ae03e640afd2ffd\core.a(SERCOM.cpp.o)
                0x00005642                SERCOM::availableDataUART()
 .text._ZN6SERCOM11isUARTErrorEv
                0x0000564c        0x8 C:\Users\iwheard\AppData\Local\arduino\sketches\F7235C10B846DC2223C85B11C54316BE/..\..\cores\arduino_samd_nano_33_iot_b7ac00331b7676b70ae03e640afd2ffd\core.a(SERCOM.cpp.o)
                0x0000564c                SERCOM::isUARTError()
 .text._ZN6SERCOM20acknowledgeUARTErrorEv
                0x00005654        0xe C:\Users\iwheard\AppData\Local\arduino\sketches\F7235C10B846DC2223C85B11C54316BE/..\..\cores\arduino_samd_nano_33_iot_b7ac00331b7676b70ae03e640afd2ffd\core.a(SERCOM.cpp.o)
                0x00005654                SERCOM::acknowledgeUARTError()
 .text._ZN6SERCOM16isFrameErrorUARTEv
                0x00005662        0xa C:\Users\iwheard\AppData\Local\arduino\sketches\F7235C10B846DC2223C85B11C54316BE/..\..\cores\arduino_samd_nano_33_iot_b7ac00331b7676b70ae03e640afd2ffd\core.a(SERCOM.cpp.o)
                0x00005662                SERCOM::isFrameErrorUART()
 .text._ZN6SERCOM19clearFrameErrorUARTEv
                0x0000566c        0xc C:\Users\iwheard\AppData\Local\arduino\sketches\F7235C10B846DC2223C85B11C54316BE/..\..\cores\arduino_samd_nano_33_iot_b7ac00331b7676b70ae03e640afd2ffd\core.a(SERCOM.cpp.o)
                0x0000566c                SERCOM::clearFrameErrorUART()
 .text._ZN6SERCOM23isDataRegisterEmptyUARTEv
                0x00005678        0xa C:\Users\iwheard\AppData\Local\arduino\sketches\F7235C10B846DC2223C85B11C54316BE/..\..\cores\arduino_samd_nano_33_iot_b7ac00331b7676b70ae03e640afd2ffd\core.a(SERCOM.cpp.o)
                0x00005678                SERCOM::isDataRegisterEmptyUART()
 .text._ZN6SERCOM12readDataUARTEv
                0x00005682        0x8 C:\Users\iwheard\AppData\Local\arduino\sketches\F7235C10B846DC2223C85B11C54316BE/..\..\cores\arduino_samd_nano_33_iot_b7ac00331b7676b70ae03e640afd2ffd\core.a(SERCOM.cpp.o)
                0x00005682                SERCOM::readDataUART()
 .text._ZN6SERCOM13writeDataUARTEh
                0x0000568a       0x14 C:\Users\iwheard\AppData\Local\arduino\sketches\F7235C10B846DC2223C85B11C54316BE/..\..\cores\arduino_samd_nano_33_iot_b7ac00331b7676b70ae03e640afd2ffd\core.a(SERCOM.cpp.o)
                0x0000568a                SERCOM::writeDataUART(unsigned char)
 .text._ZN6SERCOM36enableDataRegisterEmptyInterruptUARTEv
                0x0000569e        0x8 C:\Users\iwheard\AppData\Local\arduino\sketches\F7235C10B846DC2223C85B11C54316BE/..\..\cores\arduino_samd_nano_33_iot_b7ac00331b7676b70ae03e640afd2ffd\core.a(SERCOM.cpp.o)
                0x0000569e                SERCOM::enableDataRegisterEmptyInterruptUART()
 .text._ZN6SERCOM37disableDataRegisterEmptyInterruptUARTEv
                0x000056a6        0x8 C:\Users\iwheard\AppData\Local\arduino\sketches\F7235C10B846DC2223C85B11C54316BE/..\..\cores\arduino_samd_nano_33_iot_b7ac00331b7676b70ae03e640afd2ffd\core.a(SERCOM.cpp.o)
                0x000056a6                SERCOM::disableDataRegisterEmptyInterruptUART()
 *fill*         0x000056ae        0x2 
 .text._ZN6SERCOM12initSPIClockE18SercomSpiClockModem
                0x000056b0       0x30 C:\Users\iwheard\AppData\Local\arduino\sketches\F7235C10B846DC2223C85B11C54316BE/..\..\cores\arduino_samd_nano_33_iot_b7ac00331b7676b70ae03e640afd2ffd\core.a(SERCOM.cpp.o)
                0x000056b0                SERCOM::initSPIClock(SercomSpiClockMode, unsigned long)
 .text._ZN6SERCOM8resetSPIEv
                0x000056e0       0x1a C:\Users\iwheard\AppData\Local\arduino\sketches\F7235C10B846DC2223C85B11C54316BE/..\..\cores\arduino_samd_nano_33_iot_b7ac00331b7676b70ae03e640afd2ffd\core.a(SERCOM.cpp.o)
                0x000056e0                SERCOM::resetSPI()
 .text._ZN6SERCOM9enableSPIEv
                0x000056fa       0x14 C:\Users\iwheard\AppData\Local\arduino\sketches\F7235C10B846DC2223C85B11C54316BE/..\..\cores\arduino_samd_nano_33_iot_b7ac00331b7676b70ae03e640afd2ffd\core.a(SERCOM.cpp.o)
                0x000056fa                SERCOM::enableSPI()
 .text._ZN6SERCOM10disableSPIEv
                0x0000570e       0x12 C:\Users\iwheard\AppData\Local\arduino\sketches\F7235C10B846DC2223C85B11C54316BE/..\..\cores\arduino_samd_nano_33_iot_b7ac00331b7676b70ae03e640afd2ffd\core.a(SERCOM.cpp.o)
                0x0000570e                SERCOM::disableSPI()
 .text._ZN6SERCOM15getDataOrderSPIEv
                0x00005720        0xa C:\Users\iwheard\AppData\Local\arduino\sketches\F7235C10B846DC2223C85B11C54316BE/..\..\cores\arduino_samd_nano_33_iot_b7ac00331b7676b70ae03e640afd2ffd\core.a(SERCOM.cpp.o)
                0x00005720                SERCOM::getDataOrderSPI()
 .text._ZN6SERCOM15transferDataSPIEh
                0x0000572a       0x1a C:\Users\iwheard\AppData\Local\arduino\sketches\F7235C10B846DC2223C85B11C54316BE/..\..\cores\arduino_samd_nano_33_iot_b7ac00331b7676b70ae03e640afd2ffd\core.a(SERCOM.cpp.o)
                0x0000572a                SERCOM::transferDataSPI(unsigned char)
 .text._ZN6SERCOM9resetWIREEv
                0x00005744       0x1a C:\Users\iwheard\AppData\Local\arduino\sketches\F7235C10B846DC2223C85B11C54316BE/..\..\cores\arduino_samd_nano_33_iot_b7ac00331b7676b70ae03e640afd2ffd\core.a(SERCOM.cpp.o)
                0x00005744                SERCOM::resetWIRE()
 .text._ZN6SERCOM10enableWIREEv
                0x0000575e       0x2a C:\Users\iwheard\AppData\Local\arduino\sketches\F7235C10B846DC2223C85B11C54316BE/..\..\cores\arduino_samd_nano_33_iot_b7ac00331b7676b70ae03e640afd2ffd\core.a(SERCOM.cpp.o)
                0x0000575e                SERCOM::enableWIRE()
 .text._ZN6SERCOM11disableWIREEv
                0x00005788       0x14 C:\Users\iwheard\AppData\Local\arduino\sketches\F7235C10B846DC2223C85B11C54316BE/..\..\cores\arduino_samd_nano_33_iot_b7ac00331b7676b70ae03e640afd2ffd\core.a(SERCOM.cpp.o)
                0x00005788                SERCOM::disableWIRE()
 .text._ZN6SERCOM18prepareNackBitWIREEv
                0x0000579c       0x10 C:\Users\iwheard\AppData\Local\arduino\sketches\F7235C10B846DC2223C85B11C54316BE/..\..\cores\arduino_samd_nano_33_iot_b7ac00331b7676b70ae03e640afd2ffd\core.a(SERCOM.cpp.o)
                0x0000579c                SERCOM::prepareNackBitWIRE()
 .text._ZN6SERCOM17prepareAckBitWIREEv
                0x000057ac       0x14 C:\Users\iwheard\AppData\Local\arduino\sketches\F7235C10B846DC2223C85B11C54316BE/..\..\cores\arduino_samd_nano_33_iot_b7ac00331b7676b70ae03e640afd2ffd\core.a(SERCOM.cpp.o)
                0x000057ac                SERCOM::prepareAckBitWIRE()
 .text._ZN6SERCOM22prepareCommandBitsWireEh
                0x000057c0       0x2c C:\Users\iwheard\AppData\Local\arduino\sketches\F7235C10B846DC2223C85B11C54316BE/..\..\cores\arduino_samd_nano_33_iot_b7ac00331b7676b70ae03e640afd2ffd\core.a(SERCOM.cpp.o)
                0x000057c0                SERCOM::prepareCommandBitsWire(unsigned char)
 .text._ZN6SERCOM21startTransmissionWIREEh23SercomWireReadWriteFlag
                0x000057ec       0x84 C:\Users\iwheard\AppData\Local\arduino\sketches\F7235C10B846DC2223C85B11C54316BE/..\..\cores\arduino_samd_nano_33_iot_b7ac00331b7676b70ae03e640afd2ffd\core.a(SERCOM.cpp.o)
                0x000057ec                SERCOM::startTransmissionWIRE(unsigned char, SercomWireReadWriteFlag)
 .text._ZN6SERCOM18sendDataMasterWIREEh
                0x00005870       0x30 C:\Users\iwheard\AppData\Local\arduino\sketches\F7235C10B846DC2223C85B11C54316BE/..\..\cores\arduino_samd_nano_33_iot_b7ac00331b7676b70ae03e640afd2ffd\core.a(SERCOM.cpp.o)
                0x00005870                SERCOM::sendDataMasterWIRE(unsigned char)
 .text._ZN6SERCOM17sendDataSlaveWIREEh
                0x000058a0       0x1c C:\Users\iwheard\AppData\Local\arduino\sketches\F7235C10B846DC2223C85B11C54316BE/..\..\cores\arduino_samd_nano_33_iot_b7ac00331b7676b70ae03e640afd2ffd\core.a(SERCOM.cpp.o)
                0x000058a0                SERCOM::sendDataSlaveWIRE(unsigned char)
 .text._ZN6SERCOM11isSlaveWIREEv
                0x000058bc       0x12 C:\Users\iwheard\AppData\Local\arduino\sketches\F7235C10B846DC2223C85B11C54316BE/..\..\cores\arduino_samd_nano_33_iot_b7ac00331b7676b70ae03e640afd2ffd\core.a(SERCOM.cpp.o)
                0x000058bc                SERCOM::isSlaveWIRE()
 .text._ZN6SERCOM14isBusOwnerWIREEv
                0x000058ce       0x12 C:\Users\iwheard\AppData\Local\arduino\sketches\F7235C10B846DC2223C85B11C54316BE/..\..\cores\arduino_samd_nano_33_iot_b7ac00331b7676b70ae03e640afd2ffd\core.a(SERCOM.cpp.o)
                0x000058ce                SERCOM::isBusOwnerWIRE()
 .text._ZN6SERCOM15isDataReadyWIREEv
                0x000058e0        0xa C:\Users\iwheard\AppData\Local\arduino\sketches\F7235C10B846DC2223C85B11C54316BE/..\..\cores\arduino_samd_nano_33_iot_b7ac00331b7676b70ae03e640afd2ffd\core.a(SERCOM.cpp.o)
                0x000058e0                SERCOM::isDataReadyWIRE()
 .text._ZN6SERCOM18isStopDetectedWIREEv
                0x000058ea        0xa C:\Users\iwheard\AppData\Local\arduino\sketches\F7235C10B846DC2223C85B11C54316BE/..\..\cores\arduino_samd_nano_33_iot_b7ac00331b7676b70ae03e640afd2ffd\core.a(SERCOM.cpp.o)
                0x000058ea                SERCOM::isStopDetectedWIRE()
 .text._ZN6SERCOM21isRestartDetectedWIREEv
                0x000058f4        0xa C:\Users\iwheard\AppData\Local\arduino\sketches\F7235C10B846DC2223C85B11C54316BE/..\..\cores\arduino_samd_nano_33_iot_b7ac00331b7676b70ae03e640afd2ffd\core.a(SERCOM.cpp.o)
                0x000058f4                SERCOM::isRestartDetectedWIRE()
 .text._ZN6SERCOM14isAddressMatchEv
                0x000058fe        0xa C:\Users\iwheard\AppData\Local\arduino\sketches\F7235C10B846DC2223C85B11C54316BE/..\..\cores\arduino_samd_nano_33_iot_b7ac00331b7676b70ae03e640afd2ffd\core.a(SERCOM.cpp.o)
                0x000058fe                SERCOM::isAddressMatch()
 .text._ZN6SERCOM25isMasterReadOperationWIREEv
                0x00005908        0xa C:\Users\iwheard\AppData\Local\arduino\sketches\F7235C10B846DC2223C85B11C54316BE/..\..\cores\arduino_samd_nano_33_iot_b7ac00331b7676b70ae03e640afd2ffd\core.a(SERCOM.cpp.o)
                0x00005908                SERCOM::isMasterReadOperationWIRE()
 .text._ZN6SERCOM12readDataWIREEv
                0x00005912       0x20 C:\Users\iwheard\AppData\Local\arduino\sketches\F7235C10B846DC2223C85B11C54316BE/..\..\cores\arduino_samd_nano_33_iot_b7ac00331b7676b70ae03e640afd2ffd\core.a(SERCOM.cpp.o)
                0x00005912                SERCOM::readDataWIRE()
 *fill*         0x00005932        0x2 
 .text._ZN6SERCOM13initClockNVICEv
                0x00005934       0xa8 C:\Users\iwheard\AppData\Local\arduino\sketches\F7235C10B846DC2223C85B11C54316BE/..\..\cores\arduino_samd_nano_33_iot_b7ac00331b7676b70ae03e640afd2ffd\core.a(SERCOM.cpp.o)
                0x00005934                SERCOM::initClockNVIC()
 .text._ZN6SERCOM8initUARTE14SercomUartMode20SercomUartSampleRatem
                0x000059dc       0x6c C:\Users\iwheard\AppData\Local\arduino\sketches\F7235C10B846DC2223C85B11C54316BE/..\..\cores\arduino_samd_nano_33_iot_b7ac00331b7676b70ae03e640afd2ffd\core.a(SERCOM.cpp.o)
                0x000059dc                SERCOM::initUART(SercomUartMode, SercomUartSampleRate, unsigned long)
 .text._ZN6SERCOM7initSPIE14SercomSpiTXPad11SercomRXPad17SercomSpiCharSize15SercomDataOrder
                0x00005a48       0x4a C:\Users\iwheard\AppData\Local\arduino\sketches\F7235C10B846DC2223C85B11C54316BE/..\..\cores\arduino_samd_nano_33_iot_b7ac00331b7676b70ae03e640afd2ffd\core.a(SERCOM.cpp.o)
                0x00005a48                SERCOM::initSPI(SercomSpiTXPad, SercomRXPad, SercomSpiCharSize, SercomDataOrder)
 .text._ZN6SERCOM13initSlaveWIREEhb
                0x00005a92       0x4a C:\Users\iwheard\AppData\Local\arduino\sketches\F7235C10B846DC2223C85B11C54316BE/..\..\cores\arduino_samd_nano_33_iot_b7ac00331b7676b70ae03e640afd2ffd\core.a(SERCOM.cpp.o)
                0x00005a92                SERCOM::initSlaveWIRE(unsigned char, bool)
 .text._ZN6SERCOM14initMasterWIREEm
                0x00005adc       0x54 C:\Users\iwheard\AppData\Local\arduino\sketches\F7235C10B846DC2223C85B11C54316BE/..\..\cores\arduino_samd_nano_33_iot_b7ac00331b7676b70ae03e640afd2ffd\core.a(SERCOM.cpp.o)
                0x00005adc                SERCOM::initMasterWIRE(unsigned long)
 .text._ZN7Serial_13getDescriptorERN7arduino8USBSetupE
                0x00005b30        0x4 C:\Users\iwheard\AppData\Local\arduino\sketches\F7235C10B846DC2223C85B11C54316BE/..\..\cores\arduino_samd_nano_33_iot_b7ac00331b7676b70ae03e640afd2ffd\core.a(CDC.cpp.o)
                0x00005b30                Serial_::getDescriptor(arduino::USBSetup&)
 .text._ZL5utox8mPc
                0x00005b34       0x24 C:\Users\iwheard\AppData\Local\arduino\sketches\F7235C10B846DC2223C85B11C54316BE/..\..\cores\arduino_samd_nano_33_iot_b7ac00331b7676b70ae03e640afd2ffd\core.a(CDC.cpp.o)
 .text._ZN7Serial_12getShortNameEPc
                0x00005b58       0x44 C:\Users\iwheard\AppData\Local\arduino\sketches\F7235C10B846DC2223C85B11C54316BE/..\..\cores\arduino_samd_nano_33_iot_b7ac00331b7676b70ae03e640afd2ffd\core.a(CDC.cpp.o)
                0x00005b58                Serial_::getShortName(char*)
 .text._ZThn16_N7Serial_12getShortNameEPc
                0x00005b9c       0x10 C:\Users\iwheard\AppData\Local\arduino\sketches\F7235C10B846DC2223C85B11C54316BE/..\..\cores\arduino_samd_nano_33_iot_b7ac00331b7676b70ae03e640afd2ffd\core.a(CDC.cpp.o)
                0x00005b9c                non-virtual thunk to Serial_::getShortName(char*)
 .text._ZN7Serial_5beginEm
                0x00005bac        0x2 C:\Users\iwheard\AppData\Local\arduino\sketches\F7235C10B846DC2223C85B11C54316BE/..\..\cores\arduino_samd_nano_33_iot_b7ac00331b7676b70ae03e640afd2ffd\core.a(CDC.cpp.o)
                0x00005bac                Serial_::begin(unsigned long)
 .text._ZN7Serial_5beginEmt
                0x00005bae        0x2 C:\Users\iwheard\AppData\Local\arduino\sketches\F7235C10B846DC2223C85B11C54316BE/..\..\cores\arduino_samd_nano_33_iot_b7ac00331b7676b70ae03e640afd2ffd\core.a(CDC.cpp.o)
                0x00005bae                Serial_::begin(unsigned long, unsigned short)
 .text._ZN7Serial_17availableForWriteEv
                0x00005bb0        0x4 C:\Users\iwheard\AppData\Local\arduino\sketches\F7235C10B846DC2223C85B11C54316BE/..\..\cores\arduino_samd_nano_33_iot_b7ac00331b7676b70ae03e640afd2ffd\core.a(CDC.cpp.o)
                0x00005bb0                Serial_::availableForWrite()
 .text._ZN7Serial_5writeEh
                0x00005bb4       0x14 C:\Users\iwheard\AppData\Local\arduino\sketches\F7235C10B846DC2223C85B11C54316BE/..\..\cores\arduino_samd_nano_33_iot_b7ac00331b7676b70ae03e640afd2ffd\core.a(CDC.cpp.o)
                0x00005bb4                Serial_::write(unsigned char)
 .text._ZN7Serial_12getInterfaceEPh
                0x00005bc8      0x11c C:\Users\iwheard\AppData\Local\arduino\sketches\F7235C10B846DC2223C85B11C54316BE/..\..\cores\arduino_samd_nano_33_iot_b7ac00331b7676b70ae03e640afd2ffd\core.a(CDC.cpp.o)
                0x00005bc8                Serial_::getInterface(unsigned char*)
 .text._ZThn16_N7Serial_12getInterfaceEPh
                0x00005ce4       0x10 C:\Users\iwheard\AppData\Local\arduino\sketches\F7235C10B846DC2223C85B11C54316BE/..\..\cores\arduino_samd_nano_33_iot_b7ac00331b7676b70ae03e640afd2ffd\core.a(CDC.cpp.o)
                0x00005ce4                non-virtual thunk to Serial_::getInterface(unsigned char*)
 .text._ZN7Serial_5setupERN7arduino8USBSetupE
                0x00005cf4       0x9c C:\Users\iwheard\AppData\Local\arduino\sketches\F7235C10B846DC2223C85B11C54316BE/..\..\cores\arduino_samd_nano_33_iot_b7ac00331b7676b70ae03e640afd2ffd\core.a(CDC.cpp.o)
                0x00005cf4                Serial_::setup(arduino::USBSetup&)
 .text._ZThn16_N7Serial_5setupERN7arduino8USBSetupE
                0x00005d90       0x10 C:\Users\iwheard\AppData\Local\arduino\sketches\F7235C10B846DC2223C85B11C54316BE/..\..\cores\arduino_samd_nano_33_iot_b7ac00331b7676b70ae03e640afd2ffd\core.a(CDC.cpp.o)
                0x00005d90                non-virtual thunk to Serial_::setup(arduino::USBSetup&)
 .text._ZN7Serial_3endEv
                0x00005da0        0xe C:\Users\iwheard\AppData\Local\arduino\sketches\F7235C10B846DC2223C85B11C54316BE/..\..\cores\arduino_samd_nano_33_iot_b7ac00331b7676b70ae03e640afd2ffd\core.a(CDC.cpp.o)
                0x00005da0                Serial_::end()
 *fill*         0x00005dae        0x2 
 .text._ZN7Serial_9availableEv
                0x00005db0       0x20 C:\Users\iwheard\AppData\Local\arduino\sketches\F7235C10B846DC2223C85B11C54316BE/..\..\cores\arduino_samd_nano_33_iot_b7ac00331b7676b70ae03e640afd2ffd\core.a(CDC.cpp.o)
                0x00005db0                Serial_::available()
 .text._ZN7Serial_5flushEv
                0x00005dd0        0xe C:\Users\iwheard\AppData\Local\arduino\sketches\F7235C10B846DC2223C85B11C54316BE/..\..\cores\arduino_samd_nano_33_iot_b7ac00331b7676b70ae03e640afd2ffd\core.a(CDC.cpp.o)
                0x00005dd0                Serial_::flush()
 .text._ZN7Serial_5clearEv
                0x00005dde        0xe C:\Users\iwheard\AppData\Local\arduino\sketches\F7235C10B846DC2223C85B11C54316BE/..\..\cores\arduino_samd_nano_33_iot_b7ac00331b7676b70ae03e640afd2ffd\core.a(CDC.cpp.o)
                0x00005dde                Serial_::clear()
 .text._ZN7Serial_5writeEPKhj
                0x00005dec       0x1e C:\Users\iwheard\AppData\Local\arduino\sketches\F7235C10B846DC2223C85B11C54316BE/..\..\cores\arduino_samd_nano_33_iot_b7ac00331b7676b70ae03e640afd2ffd\core.a(CDC.cpp.o)
                0x00005dec                Serial_::write(unsigned char const*, unsigned int)
 *fill*         0x00005e0a        0x2 
 .text._ZN7Serial_4peekEv
                0x00005e0c       0x1c C:\Users\iwheard\AppData\Local\arduino\sketches\F7235C10B846DC2223C85B11C54316BE/..\..\cores\arduino_samd_nano_33_iot_b7ac00331b7676b70ae03e640afd2ffd\core.a(CDC.cpp.o)
                0x00005e0c                Serial_::peek()
 .text._ZN7Serial_4readEv
                0x00005e28       0x24 C:\Users\iwheard\AppData\Local\arduino\sketches\F7235C10B846DC2223C85B11C54316BE/..\..\cores\arduino_samd_nano_33_iot_b7ac00331b7676b70ae03e640afd2ffd\core.a(CDC.cpp.o)
                0x00005e28                Serial_::read()
 .text._ZN7Serial_cvbEv
                0x00005e4c       0x26 C:\Users\iwheard\AppData\Local\arduino\sketches\F7235C10B846DC2223C85B11C54316BE/..\..\cores\arduino_samd_nano_33_iot_b7ac00331b7676b70ae03e640afd2ffd\core.a(CDC.cpp.o)
                0x00005e4c                Serial_::operator bool()
 .text._ZThn16_N7Serial_13getDescriptorERN7arduino8USBSetupE
                0x00005e72        0x4 C:\Users\iwheard\AppData\Local\arduino\sketches\F7235C10B846DC2223C85B11C54316BE/..\..\cores\arduino_samd_nano_33_iot_b7ac00331b7676b70ae03e640afd2ffd\core.a(CDC.cpp.o)
                0x00005e72                non-virtual thunk to Serial_::getDescriptor(arduino::USBSetup&)
 .text.resetExternalChip
                0x00005e76        0x2 C:\Users\iwheard\AppData\Local\arduino\sketches\F7235C10B846DC2223C85B11C54316BE/..\..\cores\arduino_samd_nano_33_iot_b7ac00331b7676b70ae03e640afd2ffd\core.a(CDC.cpp.o)
                0x00005e76                resetExternalChip
 .text._ZN7Serial_14handleEndpointEi
                0x00005e78        0x2 C:\Users\iwheard\AppData\Local\arduino\sketches\F7235C10B846DC2223C85B11C54316BE/..\..\cores\arduino_samd_nano_33_iot_b7ac00331b7676b70ae03e640afd2ffd\core.a(CDC.cpp.o)
                0x00005e78                Serial_::handleEndpoint(int)
 *fill*         0x00005e7a        0x2 
 .text._ZN7Serial_C2ER14USBDeviceClass
                0x00005e7c       0x5c C:\Users\iwheard\AppData\Local\arduino\sketches\F7235C10B846DC2223C85B11C54316BE/..\..\cores\arduino_samd_nano_33_iot_b7ac00331b7676b70ae03e640afd2ffd\core.a(CDC.cpp.o)
                0x00005e7c                Serial_::Serial_(USBDeviceClass&)
                0x00005e7c                Serial_::Serial_(USBDeviceClass&)
 .text._ZN7Serial_15enableInterruptEv
                0x00005ed8       0x30 C:\Users\iwheard\AppData\Local\arduino\sketches\F7235C10B846DC2223C85B11C54316BE/..\..\cores\arduino_samd_nano_33_iot_b7ac00331b7676b70ae03e640afd2ffd\core.a(CDC.cpp.o)
                0x00005ed8                Serial_::enableInterrupt()
 .text.startup._GLOBAL__sub_I__ZN7Serial_12getInterfaceEPh
                0x00005f08       0x14 C:\Users\iwheard\AppData\Local\arduino\sketches\F7235C10B846DC2223C85B11C54316BE/..\..\cores\arduino_samd_nano_33_iot_b7ac00331b7676b70ae03e640afd2ffd\core.a(CDC.cpp.o)
 .text._ZN26DoubleBufferedEPOutHandlerD2Ev
                0x00005f1c        0x2 C:\Users\iwheard\AppData\Local\arduino\sketches\F7235C10B846DC2223C85B11C54316BE/..\..\cores\arduino_samd_nano_33_iot_b7ac00331b7676b70ae03e640afd2ffd\core.a(USBCore.cpp.o)
                0x00005f1c                DoubleBufferedEPOutHandler::~DoubleBufferedEPOutHandler()
                0x00005f1c                DoubleBufferedEPOutHandler::~DoubleBufferedEPOutHandler()
 .text._ZN26DoubleBufferedEPOutHandlerD0Ev
                0x00005f1e        0xc C:\Users\iwheard\AppData\Local\arduino\sketches\F7235C10B846DC2223C85B11C54316BE/..\..\cores\arduino_samd_nano_33_iot_b7ac00331b7676b70ae03e640afd2ffd\core.a(USBCore.cpp.o)
                0x00005f1e                DoubleBufferedEPOutHandler::~DoubleBufferedEPOutHandler()
 *fill*         0x00005f2a        0x2 
 .text._ZN14USBDeviceClass6initEPEmm.part.7
                0x00005f2c       0xc4 C:\Users\iwheard\AppData\Local\arduino\sketches\F7235C10B846DC2223C85B11C54316BE/..\..\cores\arduino_samd_nano_33_iot_b7ac00331b7676b70ae03e640afd2ffd\core.a(USBCore.cpp.o)
 .text._ZN7__GuardC2Ev
                0x00005ff0        0xe C:\Users\iwheard\AppData\Local\arduino\sketches\F7235C10B846DC2223C85B11C54316BE/..\..\cores\arduino_samd_nano_33_iot_b7ac00331b7676b70ae03e640afd2ffd\core.a(USBCore.cpp.o)
                0x00005ff0                __Guard::__Guard()
                0x00005ff0                __Guard::__Guard()
 .text._ZN7__GuardD2Ev
                0x00005ffe        0xe C:\Users\iwheard\AppData\Local\arduino\sketches\F7235C10B846DC2223C85B11C54316BE/..\..\cores\arduino_samd_nano_33_iot_b7ac00331b7676b70ae03e640afd2ffd\core.a(USBCore.cpp.o)
                0x00005ffe                __Guard::~__Guard()
                0x00005ffe                __Guard::~__Guard()
 .text._ZNK26DoubleBufferedEPOutHandler10_availableEv
                0x0000600c       0x70 C:\Users\iwheard\AppData\Local\arduino\sketches\F7235C10B846DC2223C85B11C54316BE/..\..\cores\arduino_samd_nano_33_iot_b7ac00331b7676b70ae03e640afd2ffd\core.a(USBCore.cpp.o)
                0x0000600c                DoubleBufferedEPOutHandler::_available() const
 .text._ZN26DoubleBufferedEPOutHandler7releaseEv
                0x0000607c       0x38 C:\Users\iwheard\AppData\Local\arduino\sketches\F7235C10B846DC2223C85B11C54316BE/..\..\cores\arduino_samd_nano_33_iot_b7ac00331b7676b70ae03e640afd2ffd\core.a(USBCore.cpp.o)
                0x0000607c                DoubleBufferedEPOutHandler::release()
 .text._ZN26DoubleBufferedEPOutHandler14handleEndpointEv
                0x000060b4       0xe2 C:\Users\iwheard\AppData\Local\arduino\sketches\F7235C10B846DC2223C85B11C54316BE/..\..\cores\arduino_samd_nano_33_iot_b7ac00331b7676b70ae03e640afd2ffd\core.a(USBCore.cpp.o)
                0x000060b4                DoubleBufferedEPOutHandler::handleEndpoint()
 .text._ZN14USBDeviceClass14SendInterfacesEPm
                0x00006196       0x20 C:\Users\iwheard\AppData\Local\arduino\sketches\F7235C10B846DC2223C85B11C54316BE/..\..\cores\arduino_samd_nano_33_iot_b7ac00331b7676b70ae03e640afd2ffd\core.a(USBCore.cpp.o)
                0x00006196                USBDeviceClass::SendInterfaces(unsigned long*)
 *fill*         0x000061b6        0x2 
 .text._ZN14USBDeviceClass6attachEv
                0x000061b8       0x34 C:\Users\iwheard\AppData\Local\arduino\sketches\F7235C10B846DC2223C85B11C54316BE/..\..\cores\arduino_samd_nano_33_iot_b7ac00331b7676b70ae03e640afd2ffd\core.a(USBCore.cpp.o)
                0x000061b8                USBDeviceClass::attach()
 .text._ZN14USBDeviceClass10setAddressEm
                0x000061ec       0x48 C:\Users\iwheard\AppData\Local\arduino\sketches\F7235C10B846DC2223C85B11C54316BE/..\..\cores\arduino_samd_nano_33_iot_b7ac00331b7676b70ae03e640afd2ffd\core.a(USBCore.cpp.o)
                0x000061ec                USBDeviceClass::setAddress(unsigned long)
 .text._ZN14USBDeviceClass25handleClassInterfaceSetupERN7arduino8USBSetupE
                0x00006234       0x24 C:\Users\iwheard\AppData\Local\arduino\sketches\F7235C10B846DC2223C85B11C54316BE/..\..\cores\arduino_samd_nano_33_iot_b7ac00331b7676b70ae03e640afd2ffd\core.a(USBCore.cpp.o)
                0x00006234                USBDeviceClass::handleClassInterfaceSetup(arduino::USBSetup&)
 .text._ZN14USBDeviceClass6initEPEmm
                0x00006258      0x10c C:\Users\iwheard\AppData\Local\arduino\sketches\F7235C10B846DC2223C85B11C54316BE/..\..\cores\arduino_samd_nano_33_iot_b7ac00331b7676b70ae03e640afd2ffd\core.a(USBCore.cpp.o)
                0x00006258                USBDeviceClass::initEP(unsigned long, unsigned long)
 .text._ZN14USBDeviceClass13initEndpointsEv
                0x00006364       0x24 C:\Users\iwheard\AppData\Local\arduino\sketches\F7235C10B846DC2223C85B11C54316BE/..\..\cores\arduino_samd_nano_33_iot_b7ac00331b7676b70ae03e640afd2ffd\core.a(USBCore.cpp.o)
                0x00006364                USBDeviceClass::initEndpoints()
 .text._ZN14USBDeviceClass5clearEm
                0x00006388       0x38 C:\Users\iwheard\AppData\Local\arduino\sketches\F7235C10B846DC2223C85B11C54316BE/..\..\cores\arduino_samd_nano_33_iot_b7ac00331b7676b70ae03e640afd2ffd\core.a(USBCore.cpp.o)
                0x00006388                USBDeviceClass::clear(unsigned long)
 .text._ZN14USBDeviceClass9availableEm
                0x000063c0       0x2c C:\Users\iwheard\AppData\Local\arduino\sketches\F7235C10B846DC2223C85B11C54316BE/..\..\cores\arduino_samd_nano_33_iot_b7ac00331b7676b70ae03e640afd2ffd\core.a(USBCore.cpp.o)
                0x000063c0                USBDeviceClass::available(unsigned long)
 .text._ZN14USBDeviceClass5flushEm
                0x000063ec       0x2c C:\Users\iwheard\AppData\Local\arduino\sketches\F7235C10B846DC2223C85B11C54316BE/..\..\cores\arduino_samd_nano_33_iot_b7ac00331b7676b70ae03e640afd2ffd\core.a(USBCore.cpp.o)
                0x000063ec                USBDeviceClass::flush(unsigned long)
 .text._ZN14USBDeviceClass4recvEmPvm
                0x00006418       0xc0 C:\Users\iwheard\AppData\Local\arduino\sketches\F7235C10B846DC2223C85B11C54316BE/..\..\cores\arduino_samd_nano_33_iot_b7ac00331b7676b70ae03e640afd2ffd\core.a(USBCore.cpp.o)
                0x00006418                USBDeviceClass::recv(unsigned long, void*, unsigned long)
 .text._ZN14USBDeviceClass4recvEm
                0x000064d8       0x1c C:\Users\iwheard\AppData\Local\arduino\sketches\F7235C10B846DC2223C85B11C54316BE/..\..\cores\arduino_samd_nano_33_iot_b7ac00331b7676b70ae03e640afd2ffd\core.a(USBCore.cpp.o)
                0x000064d8                USBDeviceClass::recv(unsigned long)
 .text._ZN14USBDeviceClass14armRecvCtrlOUTEm
                0x000064f4       0x5c C:\Users\iwheard\AppData\Local\arduino\sketches\F7235C10B846DC2223C85B11C54316BE/..\..\cores\arduino_samd_nano_33_iot_b7ac00331b7676b70ae03e640afd2ffd\core.a(USBCore.cpp.o)
                0x000064f4                USBDeviceClass::armRecvCtrlOUT(unsigned long)
 .text._ZN14USBDeviceClass11recvControlEPvm
                0x00006550       0x28 C:\Users\iwheard\AppData\Local\arduino\sketches\F7235C10B846DC2223C85B11C54316BE/..\..\cores\arduino_samd_nano_33_iot_b7ac00331b7676b70ae03e640afd2ffd\core.a(USBCore.cpp.o)
                0x00006550                USBDeviceClass::recvControl(void*, unsigned long)
 .text._ZN14USBDeviceClass4sendEmPKvm
                0x00006578      0x10c C:\Users\iwheard\AppData\Local\arduino\sketches\F7235C10B846DC2223C85B11C54316BE/..\..\cores\arduino_samd_nano_33_iot_b7ac00331b7676b70ae03e640afd2ffd\core.a(USBCore.cpp.o)
                0x00006578                USBDeviceClass::send(unsigned long, void const*, unsigned long)
 .text._ZN14USBDeviceClass7armSendEmPKvm
                0x00006684       0x48 C:\Users\iwheard\AppData\Local\arduino\sketches\F7235C10B846DC2223C85B11C54316BE/..\..\cores\arduino_samd_nano_33_iot_b7ac00331b7676b70ae03e640afd2ffd\core.a(USBCore.cpp.o)
                0x00006684                USBDeviceClass::armSend(unsigned long, void const*, unsigned long)
 .text._ZN14USBDeviceClass11sendControlEPKvm
                0x000066cc       0x54 C:\Users\iwheard\AppData\Local\arduino\sketches\F7235C10B846DC2223C85B11C54316BE/..\..\cores\arduino_samd_nano_33_iot_b7ac00331b7676b70ae03e640afd2ffd\core.a(USBCore.cpp.o)
                0x000066cc                USBDeviceClass::sendControl(void const*, unsigned long)
 .text._ZN14USBDeviceClass20sendStringDescriptorEPKhm
                0x00006720       0x64 C:\Users\iwheard\AppData\Local\arduino\sketches\F7235C10B846DC2223C85B11C54316BE/..\..\cores\arduino_samd_nano_33_iot_b7ac00331b7676b70ae03e640afd2ffd\core.a(USBCore.cpp.o)
                0x00006720                USBDeviceClass::sendStringDescriptor(unsigned char const*, unsigned long)
 .text._ZN14USBDeviceClass17sendConfigurationEm
                0x00006784       0x80 C:\Users\iwheard\AppData\Local\arduino\sketches\F7235C10B846DC2223C85B11C54316BE/..\..\cores\arduino_samd_nano_33_iot_b7ac00331b7676b70ae03e640afd2ffd\core.a(USBCore.cpp.o)
                0x00006784                USBDeviceClass::sendConfiguration(unsigned long)
 .text._ZN14USBDeviceClass14sendDescriptorERN7arduino8USBSetupE
                0x00006804       0xd8 C:\Users\iwheard\AppData\Local\arduino\sketches\F7235C10B846DC2223C85B11C54316BE/..\..\cores\arduino_samd_nano_33_iot_b7ac00331b7676b70ae03e640afd2ffd\core.a(USBCore.cpp.o)
                0x00006804                USBDeviceClass::sendDescriptor(arduino::USBSetup&)
 .text._ZN14USBDeviceClass7sendZlpEm
                0x000068dc       0x18 C:\Users\iwheard\AppData\Local\arduino\sketches\F7235C10B846DC2223C85B11C54316BE/..\..\cores\arduino_samd_nano_33_iot_b7ac00331b7676b70ae03e640afd2ffd\core.a(USBCore.cpp.o)
                0x000068dc                USBDeviceClass::sendZlp(unsigned long)
 .text._ZN14USBDeviceClass19handleStandardSetupERN7arduino8USBSetupE
                0x000068f4       0xf0 C:\Users\iwheard\AppData\Local\arduino\sketches\F7235C10B846DC2223C85B11C54316BE/..\..\cores\arduino_samd_nano_33_iot_b7ac00331b7676b70ae03e640afd2ffd\core.a(USBCore.cpp.o)
                0x000068f4                USBDeviceClass::handleStandardSetup(arduino::USBSetup&)
 .text._ZN14USBDeviceClass10ISRHandlerEv
                0x000069e4      0x108 C:\Users\iwheard\AppData\Local\arduino\sketches\F7235C10B846DC2223C85B11C54316BE/..\..\cores\arduino_samd_nano_33_iot_b7ac00331b7676b70ae03e640afd2ffd\core.a(USBCore.cpp.o)
                0x000069e4                USBDeviceClass::ISRHandler()
 .text.UDD_Handler
                0x00006aec       0x10 C:\Users\iwheard\AppData\Local\arduino\sketches\F7235C10B846DC2223C85B11C54316BE/..\..\cores\arduino_samd_nano_33_iot_b7ac00331b7676b70ae03e640afd2ffd\core.a(USBCore.cpp.o)
                0x00006aec                UDD_Handler
 .text._ZN7arduino13PluggableUSB_C2Ev
                0x00006afc       0x10 C:\Users\iwheard\AppData\Local\arduino\sketches\F7235C10B846DC2223C85B11C54316BE/..\..\cores\arduino_samd_nano_33_iot_b7ac00331b7676b70ae03e640afd2ffd\core.a(USBCore.cpp.o)
                0x00006afc                arduino::PluggableUSB_::PluggableUSB_()
                0x00006afc                arduino::PluggableUSB_::PluggableUSB_()
 .text._Z8epBufferj
                0x00006b0c        0xc C:\Users\iwheard\AppData\Local\arduino\sketches\F7235C10B846DC2223C85B11C54316BE/..\..\cores\arduino_samd_nano_33_iot_b7ac00331b7676b70ae03e640afd2ffd\core.a(USBCore.cpp.o)
                0x00006b0c                epBuffer(unsigned int)
 .text._ZN7arduino11RingBufferNILi64EE10store_charEh
                0x00006b18       0x1c C:\Users\iwheard\AppData\Local\arduino\sketches\F7235C10B846DC2223C85B11C54316BE/..\..\cores\arduino_samd_nano_33_iot_b7ac00331b7676b70ae03e640afd2ffd\core.a(USBCore.cpp.o)
                0x00006b18                arduino::RingBufferN<64>::store_char(unsigned char)
 .text._ZN26DoubleBufferedEPOutHandler5_recvEv
                0x00006b34      0x15e C:\Users\iwheard\AppData\Local\arduino\sketches\F7235C10B846DC2223C85B11C54316BE/..\..\cores\arduino_samd_nano_33_iot_b7ac00331b7676b70ae03e640afd2ffd\core.a(USBCore.cpp.o)
                0x00006b34                DoubleBufferedEPOutHandler::_recv()
 .text._ZN26DoubleBufferedEPOutHandler9availableEv
                0x00006c92        0xc C:\Users\iwheard\AppData\Local\arduino\sketches\F7235C10B846DC2223C85B11C54316BE/..\..\cores\arduino_samd_nano_33_iot_b7ac00331b7676b70ae03e640afd2ffd\core.a(USBCore.cpp.o)
                0x00006c92                DoubleBufferedEPOutHandler::available()
 .text._ZN26DoubleBufferedEPOutHandler4peekEv
                0x00006c9e       0x1c C:\Users\iwheard\AppData\Local\arduino\sketches\F7235C10B846DC2223C85B11C54316BE/..\..\cores\arduino_samd_nano_33_iot_b7ac00331b7676b70ae03e640afd2ffd\core.a(USBCore.cpp.o)
                0x00006c9e                DoubleBufferedEPOutHandler::peek()
 .text._ZN26DoubleBufferedEPOutHandler4recvEPvm
                0x00006cba       0x60 C:\Users\iwheard\AppData\Local\arduino\sketches\F7235C10B846DC2223C85B11C54316BE/..\..\cores\arduino_samd_nano_33_iot_b7ac00331b7676b70ae03e640afd2ffd\core.a(USBCore.cpp.o)
                0x00006cba                DoubleBufferedEPOutHandler::recv(void*, unsigned long)
 *fill*         0x00006d1a        0x2 
 .text.startup._GLOBAL__sub_I_usbd
                0x00006d1c       0x10 C:\Users\iwheard\AppData\Local\arduino\sketches\F7235C10B846DC2223C85B11C54316BE/..\..\cores\arduino_samd_nano_33_iot_b7ac00331b7676b70ae03e640afd2ffd\core.a(USBCore.cpp.o)
 .text._ZN14USBDeviceClass4initEv
                0x00006d2c      0x15c C:\Users\iwheard\AppData\Local\arduino\sketches\F7235C10B846DC2223C85B11C54316BE/..\..\cores\arduino_samd_nano_33_iot_b7ac00331b7676b70ae03e640afd2ffd\core.a(USBCore.cpp.o)
                0x00006d2c                USBDeviceClass::init()
 .text._ZN4UartcvbEv
                0x00006e88        0x4 C:\Users\iwheard\AppData\Local\arduino\sketches\F7235C10B846DC2223C85B11C54316BE/..\..\cores\arduino_samd_nano_33_iot_b7ac00331b7676b70ae03e640afd2ffd\core.a(Uart.cpp.o)
                0x00006e88                Uart::operator bool()
 .text._ZN4Uart5beginEm
                0x00006e8c       0x10 C:\Users\iwheard\AppData\Local\arduino\sketches\F7235C10B846DC2223C85B11C54316BE/..\..\cores\arduino_samd_nano_33_iot_b7ac00331b7676b70ae03e640afd2ffd\core.a(Uart.cpp.o)
                0x00006e8c                Uart::begin(unsigned long)
 .text._ZN4Uart9availableEv
                0x00006e9c        0x6 C:\Users\iwheard\AppData\Local\arduino\sketches\F7235C10B846DC2223C85B11C54316BE/..\..\cores\arduino_samd_nano_33_iot_b7ac00331b7676b70ae03e640afd2ffd\core.a(Uart.cpp.o)
                0x00006e9c                Uart::available()
 .text._ZN4Uart17availableForWriteEv
                0x00006ea2       0x10 C:\Users\iwheard\AppData\Local\arduino\sketches\F7235C10B846DC2223C85B11C54316BE/..\..\cores\arduino_samd_nano_33_iot_b7ac00331b7676b70ae03e640afd2ffd\core.a(Uart.cpp.o)
                0x00006ea2                Uart::availableForWrite()
 .text._ZN4Uart4peekEv
                0x00006eb2       0x18 C:\Users\iwheard\AppData\Local\arduino\sketches\F7235C10B846DC2223C85B11C54316BE/..\..\cores\arduino_samd_nano_33_iot_b7ac00331b7676b70ae03e640afd2ffd\core.a(Uart.cpp.o)
                0x00006eb2                Uart::peek()
 .text._ZN4Uart3endEv
                0x00006eca       0x24 C:\Users\iwheard\AppData\Local\arduino\sketches\F7235C10B846DC2223C85B11C54316BE/..\..\cores\arduino_samd_nano_33_iot_b7ac00331b7676b70ae03e640afd2ffd\core.a(Uart.cpp.o)
                0x00006eca                Uart::end()
 .text._ZN4Uart5flushEv
                0x00006eee       0x16 C:\Users\iwheard\AppData\Local\arduino\sketches\F7235C10B846DC2223C85B11C54316BE/..\..\cores\arduino_samd_nano_33_iot_b7ac00331b7676b70ae03e640afd2ffd\core.a(Uart.cpp.o)
                0x00006eee                Uart::flush()
 .text._ZN4Uart16extractNbStopBitEt
                0x00006f04        0xc C:\Users\iwheard\AppData\Local\arduino\sketches\F7235C10B846DC2223C85B11C54316BE/..\..\cores\arduino_samd_nano_33_iot_b7ac00331b7676b70ae03e640afd2ffd\core.a(Uart.cpp.o)
                0x00006f04                Uart::extractNbStopBit(unsigned short)
 .text._ZN4Uart15extractCharSizeEt
                0x00006f10       0x28 C:\Users\iwheard\AppData\Local\arduino\sketches\F7235C10B846DC2223C85B11C54316BE/..\..\cores\arduino_samd_nano_33_iot_b7ac00331b7676b70ae03e640afd2ffd\core.a(Uart.cpp.o)
                0x00006f10                Uart::extractCharSize(unsigned short)
 .text._ZN4Uart13extractParityEt
                0x00006f38       0x14 C:\Users\iwheard\AppData\Local\arduino\sketches\F7235C10B846DC2223C85B11C54316BE/..\..\cores\arduino_samd_nano_33_iot_b7ac00331b7676b70ae03e640afd2ffd\core.a(Uart.cpp.o)
                0x00006f38                Uart::extractParity(unsigned short)
 .text._ZN4Uart5beginEmt
                0x00006f4c       0xf8 C:\Users\iwheard\AppData\Local\arduino\sketches\F7235C10B846DC2223C85B11C54316BE/..\..\cores\arduino_samd_nano_33_iot_b7ac00331b7676b70ae03e640afd2ffd\core.a(Uart.cpp.o)
                0x00006f4c                Uart::begin(unsigned long, unsigned short)
 .text._ZN7arduino11RingBufferNILi256EEC2Ev
                0x00007044       0x1e C:\Users\iwheard\AppData\Local\arduino\sketches\F7235C10B846DC2223C85B11C54316BE/..\..\cores\arduino_samd_nano_33_iot_b7ac00331b7676b70ae03e640afd2ffd\core.a(Uart.cpp.o)
                0x00007044                arduino::RingBufferN<256>::RingBufferN()
                0x00007044                arduino::RingBufferN<256>::RingBufferN()
 *fill*         0x00007062        0x2 
 .text._ZN4UartC2EP6SERCOMhh11SercomRXPad15SercomUartTXPadhh
                0x00007064       0x88 C:\Users\iwheard\AppData\Local\arduino\sketches\F7235C10B846DC2223C85B11C54316BE/..\..\cores\arduino_samd_nano_33_iot_b7ac00331b7676b70ae03e640afd2ffd\core.a(Uart.cpp.o)
                0x00007064                Uart::Uart(SERCOM*, unsigned char, unsigned char, SercomRXPad, SercomUartTXPad, unsigned char, unsigned char)
                0x00007064                Uart::Uart(SERCOM*, unsigned char, unsigned char, SercomRXPad, SercomUartTXPad, unsigned char, unsigned char)
 .text._ZN4UartC2EP6SERCOMhh11SercomRXPad15SercomUartTXPad
                0x000070ec       0x74 C:\Users\iwheard\AppData\Local\arduino\sketches\F7235C10B846DC2223C85B11C54316BE/..\..\cores\arduino_samd_nano_33_iot_b7ac00331b7676b70ae03e640afd2ffd\core.a(Uart.cpp.o)
                0x000070ec                Uart::Uart(SERCOM*, unsigned char, unsigned char, SercomRXPad, SercomUartTXPad)
                0x000070ec                Uart::Uart(SERCOM*, unsigned char, unsigned char, SercomRXPad, SercomUartTXPad)
 .text._ZN7arduino15SafeRingBufferNILi256EE10store_charEh
                0x00007160       0x4a C:\Users\iwheard\AppData\Local\arduino\sketches\F7235C10B846DC2223C85B11C54316BE/..\..\cores\arduino_samd_nano_33_iot_b7ac00331b7676b70ae03e640afd2ffd\core.a(Uart.cpp.o)
                0x00007160                arduino::SafeRingBufferN<256>::store_char(unsigned char)
 .text._ZN7arduino15SafeRingBufferNILi256EE9read_charEv
                0x000071aa       0x50 C:\Users\iwheard\AppData\Local\arduino\sketches\F7235C10B846DC2223C85B11C54316BE/..\..\cores\arduino_samd_nano_33_iot_b7ac00331b7676b70ae03e640afd2ffd\core.a(Uart.cpp.o)
                0x000071aa                arduino::SafeRingBufferN<256>::read_char()
 .text._ZN4Uart10IrqHandlerEv
                0x000071fa       0xa4 C:\Users\iwheard\AppData\Local\arduino\sketches\F7235C10B846DC2223C85B11C54316BE/..\..\cores\arduino_samd_nano_33_iot_b7ac00331b7676b70ae03e640afd2ffd\core.a(Uart.cpp.o)
                0x000071fa                Uart::IrqHandler()
 *fill*         0x0000729e        0x2 
 .text._ZN4Uart5writeEh
                0x000072a0       0x9c C:\Users\iwheard\AppData\Local\arduino\sketches\F7235C10B846DC2223C85B11C54316BE/..\..\cores\arduino_samd_nano_33_iot_b7ac00331b7676b70ae03e640afd2ffd\core.a(Uart.cpp.o)
                0x000072a0                Uart::write(unsigned char)
 .text._ZN4Uart4readEv
                0x0000733c       0x34 C:\Users\iwheard\AppData\Local\arduino\sketches\F7235C10B846DC2223C85B11C54316BE/..\..\cores\arduino_samd_nano_33_iot_b7ac00331b7676b70ae03e640afd2ffd\core.a(Uart.cpp.o)
                0x0000733c                Uart::read()
 .text.__cxa_pure_virtual
                0x00007370        0x2 C:\Users\iwheard\AppData\Local\arduino\sketches\F7235C10B846DC2223C85B11C54316BE/..\..\cores\arduino_samd_nano_33_iot_b7ac00331b7676b70ae03e640afd2ffd\core.a(abi.cpp.o)
                0x00007370                __cxa_pure_virtual
 .text._ZN7arduino13PluggableUSB_12getInterfaceEPh
                0x00007372       0x28 C:\Users\iwheard\AppData\Local\arduino\sketches\F7235C10B846DC2223C85B11C54316BE/..\..\cores\arduino_samd_nano_33_iot_b7ac00331b7676b70ae03e640afd2ffd\core.a(PluggableUSB.cpp.o)
                0x00007372                arduino::PluggableUSB_::getInterface(unsigned char*)
 .text._ZN7arduino13PluggableUSB_13getDescriptorERNS_8USBSetupE
                0x0000739a       0x20 C:\Users\iwheard\AppData\Local\arduino\sketches\F7235C10B846DC2223C85B11C54316BE/..\..\cores\arduino_samd_nano_33_iot_b7ac00331b7676b70ae03e640afd2ffd\core.a(PluggableUSB.cpp.o)
                0x0000739a                arduino::PluggableUSB_::getDescriptor(arduino::USBSetup&)
 .text._ZN7arduino13PluggableUSB_12getShortNameEPc
                0x000073ba       0x1e C:\Users\iwheard\AppData\Local\arduino\sketches\F7235C10B846DC2223C85B11C54316BE/..\..\cores\arduino_samd_nano_33_iot_b7ac00331b7676b70ae03e640afd2ffd\core.a(PluggableUSB.cpp.o)
                0x000073ba                arduino::PluggableUSB_::getShortName(char*)
 .text._ZN7arduino13PluggableUSB_5setupERNS_8USBSetupE
                0x000073d8       0x20 C:\Users\iwheard\AppData\Local\arduino\sketches\F7235C10B846DC2223C85B11C54316BE/..\..\cores\arduino_samd_nano_33_iot_b7ac00331b7676b70ae03e640afd2ffd\core.a(PluggableUSB.cpp.o)
                0x000073d8                arduino::PluggableUSB_::setup(arduino::USBSetup&)
 .text._ZN7arduino13PluggableUSB_4plugEPNS_18PluggableUSBModuleE
                0x000073f8       0x5c C:\Users\iwheard\AppData\Local\arduino\sketches\F7235C10B846DC2223C85B11C54316BE/..\..\cores\arduino_samd_nano_33_iot_b7ac00331b7676b70ae03e640afd2ffd\core.a(PluggableUSB.cpp.o)
                0x000073f8                arduino::PluggableUSB_::plug(arduino::PluggableUSBModule*)
 .text._Z12PluggableUSBv
                0x00007454       0x24 C:\Users\iwheard\AppData\Local\arduino\sketches\F7235C10B846DC2223C85B11C54316BE/..\..\cores\arduino_samd_nano_33_iot_b7ac00331b7676b70ae03e640afd2ffd\core.a(PluggableUSB.cpp.o)
                0x00007454                PluggableUSB()
 .text._ZN7arduino5Print5writeEPKhj
                0x00007478       0x28 C:\Users\iwheard\AppData\Local\arduino\sketches\F7235C10B846DC2223C85B11C54316BE/..\..\cores\arduino_samd_nano_33_iot_b7ac00331b7676b70ae03e640afd2ffd\core.a(Print.cpp.o)
                0x00007478                arduino::Print::write(unsigned char const*, unsigned int)
 .text._ZN7arduino5Print5writeEPKc.part.2
                0x000074a0       0x1a C:\Users\iwheard\AppData\Local\arduino\sketches\F7235C10B846DC2223C85B11C54316BE/..\..\cores\arduino_samd_nano_33_iot_b7ac00331b7676b70ae03e640afd2ffd\core.a(Print.cpp.o)
 .text._ZN7arduino5Print5writeEPKc
                0x000074ba       0x10 C:\Users\iwheard\AppData\Local\arduino\sketches\F7235C10B846DC2223C85B11C54316BE/..\..\cores\arduino_samd_nano_33_iot_b7ac00331b7676b70ae03e640afd2ffd\core.a(Print.cpp.o)
                0x000074ba                arduino::Print::write(char const*)
 .text._ZN7arduino5Print5printEPKNS_19__FlashStringHelperE
                0x000074ca        0x8 C:\Users\iwheard\AppData\Local\arduino\sketches\F7235C10B846DC2223C85B11C54316BE/..\..\cores\arduino_samd_nano_33_iot_b7ac00331b7676b70ae03e640afd2ffd\core.a(Print.cpp.o)
                0x000074ca                arduino::Print::print(arduino::__FlashStringHelper const*)
 .text._ZN7arduino5Print5printEPKc
                0x000074d2        0x8 C:\Users\iwheard\AppData\Local\arduino\sketches\F7235C10B846DC2223C85B11C54316BE/..\..\cores\arduino_samd_nano_33_iot_b7ac00331b7676b70ae03e640afd2ffd\core.a(Print.cpp.o)
                0x000074d2                arduino::Print::print(char const*)
 *fill*         0x000074da        0x2 
 .text._ZN7arduino5Print7printlnEv
                0x000074dc       0x10 C:\Users\iwheard\AppData\Local\arduino\sketches\F7235C10B846DC2223C85B11C54316BE/..\..\cores\arduino_samd_nano_33_iot_b7ac00331b7676b70ae03e640afd2ffd\core.a(Print.cpp.o)
                0x000074dc                arduino::Print::println()
 .text._ZN7arduino5Print7printlnEPKNS_19__FlashStringHelperE
                0x000074ec       0x14 C:\Users\iwheard\AppData\Local\arduino\sketches\F7235C10B846DC2223C85B11C54316BE/..\..\cores\arduino_samd_nano_33_iot_b7ac00331b7676b70ae03e640afd2ffd\core.a(Print.cpp.o)
                0x000074ec                arduino::Print::println(arduino::__FlashStringHelper const*)
 .text._ZN7arduino5Print7printlnEPKc
                0x00007500       0x14 C:\Users\iwheard\AppData\Local\arduino\sketches\F7235C10B846DC2223C85B11C54316BE/..\..\cores\arduino_samd_nano_33_iot_b7ac00331b7676b70ae03e640afd2ffd\core.a(Print.cpp.o)
                0x00007500                arduino::Print::println(char const*)
 .text._ZN7arduino6Stream9timedReadEv
                0x00007514       0x2a C:\Users\iwheard\AppData\Local\arduino\sketches\F7235C10B846DC2223C85B11C54316BE/..\..\cores\arduino_samd_nano_33_iot_b7ac00331b7676b70ae03e640afd2ffd\core.a(Stream.cpp.o)
                0x00007514                arduino::Stream::timedRead()
 .text._ZN7arduino6Stream10setTimeoutEm
                0x0000753e        0x4 C:\Users\iwheard\AppData\Local\arduino\sketches\F7235C10B846DC2223C85B11C54316BE/..\..\cores\arduino_samd_nano_33_iot_b7ac00331b7676b70ae03e640afd2ffd\core.a(Stream.cpp.o)
                0x0000753e                arduino::Stream::setTimeout(unsigned long)
 .text._ZN7arduino6Stream14readBytesUntilEcPcj
                0x00007542       0x32 C:\Users\iwheard\AppData\Local\arduino\sketches\F7235C10B846DC2223C85B11C54316BE/..\..\cores\arduino_samd_nano_33_iot_b7ac00331b7676b70ae03e640afd2ffd\core.a(Stream.cpp.o)
                0x00007542                arduino::Stream::readBytesUntil(char, char*, unsigned int)
 .text.dtostrf  0x00007574       0x28 C:\Users\iwheard\AppData\Local\arduino\sketches\F7235C10B846DC2223C85B11C54316BE/..\..\cores\arduino_samd_nano_33_iot_b7ac00331b7676b70ae03e640afd2ffd\core.a(dtostrf.c.o)
                0x00007574                dtostrf
 .text.Dummy_Handler
                0x0000759c        0x2 C:\Users\iwheard\AppData\Local\arduino\sketches\F7235C10B846DC2223C85B11C54316BE/..\..\cores\arduino_samd_nano_33_iot_b7ac00331b7676b70ae03e640afd2ffd\core.a(cortex_handlers.c.o)
                0x0000759c                DMAC_Handler
                0x0000759c                HardFault_Handler
                0x0000759c                AC_Handler
                0x0000759c                PendSV_Handler
                0x0000759c                NMI_Handler
                0x0000759c                TC7_Handler
                0x0000759c                SERCOM1_Handler
                0x0000759c                ADC_Handler
                0x0000759c                TCC1_Handler
                0x0000759c                TCC0_Handler